Archive member included to satisfy reference by file (symbol)

../../libopencm3/lib/libopencm3_stm32l0.a(rcc.o)
                              HAL.o (rcc_osc_on)
../../libopencm3/lib/libopencm3_stm32l0.a(timer_common_all.o)
                              HAL.o (timer_enable_irq)
../../libopencm3/lib/libopencm3_stm32l0.a(gpio_common_all.o)
                              comm.o (gpio_set)
../../libopencm3/lib/libopencm3_stm32l0.a(gpio_common_f0234.o)
                              HAL.o (gpio_mode_setup)
../../libopencm3/lib/libopencm3_stm32l0.a(rcc_common_all.o)
                              HAL.o (rcc_peripheral_enable_clock)
../../libopencm3/lib/libopencm3_stm32l0.a(exti_common_all.o)
                              HAL.o (exti_set_trigger)
../../libopencm3/lib/libopencm3_stm32l0.a(vector.o)
                              (reset_handler)
../../libopencm3/lib/libopencm3_stm32l0.a(systick.o)
                              HAL.o (systick_set_reload)
../../libopencm3/lib/libopencm3_stm32l0.a(nvic.o)
                              HAL.o (nvic_enable_irq)
../../libopencm3/lib/libopencm3_stm32l0.a(assert.o)
                              ../../libopencm3/lib/libopencm3_stm32l0.a(rcc.o) (cm3_assert_failed)
/usr/bin/../lib/gcc/arm-none-eabi/6.3.1/thumb/v6-m/libgcc.a(_thumb1_case_uqi.o)
                              ../../libopencm3/lib/libopencm3_stm32l0.a(rcc.o) (__gnu_thumb1_case_uqi)
/usr/bin/../lib/gcc/arm-none-eabi/6.3.1/thumb/v6-m/libgcc.a(_udivsi3.o)
                              ../../libopencm3/lib/libopencm3_stm32l0.a(systick.o) (__aeabi_uidiv)
/usr/bin/../lib/gcc/arm-none-eabi/6.3.1/thumb/v6-m/libgcc.a(_divsi3.o)
                              main.o (__aeabi_idiv)
/usr/bin/../lib/gcc/arm-none-eabi/6.3.1/thumb/v6-m/libgcc.a(_dvmd_tls.o)
                              /usr/bin/../lib/gcc/arm-none-eabi/6.3.1/thumb/v6-m/libgcc.a(_udivsi3.o) (__aeabi_idiv0)

Discarded input sections

 .text          0x0000000000000000        0x0 comm.o
 .data          0x0000000000000000        0x0 comm.o
 .bss           0x0000000000000000        0x0 comm.o
 .bss.active_input_ticks
                0x0000000000000000        0xb comm.o
 .bss.all_write_buffer
                0x0000000000000000        0x4 comm.o
 .bss.all_write_buffer_ready
                0x0000000000000000        0x1 comm.o
 .bss.dendrite_pulse_count
                0x0000000000000000        0x1 comm.o
 .bss.dendrite_pulses
                0x0000000000000000        0xc comm.o
 .bss.downstream_write_buffer
                0x0000000000000000        0x4 comm.o
 .bss.downstream_write_buffer_ready
                0x0000000000000000        0x1 comm.o
 .bss.nid_write_buffer
                0x0000000000000000        0x4 comm.o
 .bss.nid_write_buffer_ready
                0x0000000000000000        0x1 comm.o
 .bss.write_count
                0x0000000000000000        0x1 comm.o
 .data.nid_i    0x0000000000000000        0x1 comm.o
 .text          0x0000000000000000        0x0 HAL.o
 .data          0x0000000000000000        0x0 HAL.o
 .bss           0x0000000000000000        0x0 HAL.o
 .bss.toggle    0x0000000000000000        0x1 HAL.o
 .text          0x0000000000000000        0x0 neuron.o
 .data          0x0000000000000000        0x0 neuron.o
 .bss           0x0000000000000000        0x0 neuron.o
 .text.incrementHebbTime
                0x0000000000000000       0x54 neuron.o
 .text          0x0000000000000000        0x0 main.o
 .data          0x0000000000000000        0x0 main.o
 .bss           0x0000000000000000        0x0 main.o
 .fingerprint   0x0000000000000000        0xc main.o
 .group         0x0000000000000000        0x8 ../../libopencm3/lib/libopencm3_stm32l0.a(rcc.o)
 .group         0x0000000000000000        0x8 ../../libopencm3/lib/libopencm3_stm32l0.a(rcc.o)
 .group         0x0000000000000000        0x8 ../../libopencm3/lib/libopencm3_stm32l0.a(rcc.o)
 .group         0x0000000000000000        0x8 ../../libopencm3/lib/libopencm3_stm32l0.a(rcc.o)
 .group         0x0000000000000000        0x8 ../../libopencm3/lib/libopencm3_stm32l0.a(rcc.o)
 .group         0x0000000000000000        0x8 ../../libopencm3/lib/libopencm3_stm32l0.a(rcc.o)
 .group         0x0000000000000000        0x8 ../../libopencm3/lib/libopencm3_stm32l0.a(rcc.o)
 .group         0x0000000000000000        0x8 ../../libopencm3/lib/libopencm3_stm32l0.a(rcc.o)
 .group         0x0000000000000000        0x8 ../../libopencm3/lib/libopencm3_stm32l0.a(rcc.o)
 .group         0x0000000000000000        0x8 ../../libopencm3/lib/libopencm3_stm32l0.a(rcc.o)
 .group         0x0000000000000000        0x8 ../../libopencm3/lib/libopencm3_stm32l0.a(rcc.o)
 .group         0x0000000000000000        0x8 ../../libopencm3/lib/libopencm3_stm32l0.a(rcc.o)
 .group         0x0000000000000000        0x8 ../../libopencm3/lib/libopencm3_stm32l0.a(rcc.o)
 .text          0x0000000000000000        0x0 ../../libopencm3/lib/libopencm3_stm32l0.a(rcc.o)
 .data          0x0000000000000000        0x0 ../../libopencm3/lib/libopencm3_stm32l0.a(rcc.o)
 .bss           0x0000000000000000        0x0 ../../libopencm3/lib/libopencm3_stm32l0.a(rcc.o)
 .text.rcc_osc_off
                0x0000000000000000       0x5c ../../libopencm3/lib/libopencm3_stm32l0.a(rcc.o)
 .text.rcc_osc_bypass_enable
                0x0000000000000000       0x2c ../../libopencm3/lib/libopencm3_stm32l0.a(rcc.o)
 .text.rcc_osc_bypass_disable
                0x0000000000000000       0x30 ../../libopencm3/lib/libopencm3_stm32l0.a(rcc.o)
 .text.rcc_osc_ready_int_clear
                0x0000000000000000       0x3c ../../libopencm3/lib/libopencm3_stm32l0.a(rcc.o)
 .text.rcc_osc_ready_int_enable
                0x0000000000000000       0x3c ../../libopencm3/lib/libopencm3_stm32l0.a(rcc.o)
 .text.rcc_osc_ready_int_disable
                0x0000000000000000       0x3c ../../libopencm3/lib/libopencm3_stm32l0.a(rcc.o)
 .text.rcc_osc_ready_int_flag
                0x0000000000000000       0x48 ../../libopencm3/lib/libopencm3_stm32l0.a(rcc.o)
 .text.rcc_is_osc_ready
                0x0000000000000000       0x58 ../../libopencm3/lib/libopencm3_stm32l0.a(rcc.o)
 .text.rcc_wait_for_osc_ready
                0x0000000000000000       0x10 ../../libopencm3/lib/libopencm3_stm32l0.a(rcc.o)
 .text.rcc_set_hsi48_source_rc48
                0x0000000000000000       0x14 ../../libopencm3/lib/libopencm3_stm32l0.a(rcc.o)
 .text.rcc_set_hsi48_source_pll
                0x0000000000000000       0x14 ../../libopencm3/lib/libopencm3_stm32l0.a(rcc.o)
 .text.rcc_set_pll_multiplier
                0x0000000000000000       0x18 ../../libopencm3/lib/libopencm3_stm32l0.a(rcc.o)
 .text.rcc_set_pll_divider
                0x0000000000000000       0x18 ../../libopencm3/lib/libopencm3_stm32l0.a(rcc.o)
 .text.rcc_set_ppre1
                0x0000000000000000       0x18 ../../libopencm3/lib/libopencm3_stm32l0.a(rcc.o)
 .text.rcc_set_ppre2
                0x0000000000000000       0x18 ../../libopencm3/lib/libopencm3_stm32l0.a(rcc.o)
 .text.rcc_set_hpre
                0x0000000000000000       0x14 ../../libopencm3/lib/libopencm3_stm32l0.a(rcc.o)
 .group         0x0000000000000000        0x8 ../../libopencm3/lib/libopencm3_stm32l0.a(timer_common_all.o)
 .group         0x0000000000000000        0x8 ../../libopencm3/lib/libopencm3_stm32l0.a(timer_common_all.o)
 .group         0x0000000000000000        0x8 ../../libopencm3/lib/libopencm3_stm32l0.a(timer_common_all.o)
 .group         0x0000000000000000        0x8 ../../libopencm3/lib/libopencm3_stm32l0.a(timer_common_all.o)
 .group         0x0000000000000000        0x8 ../../libopencm3/lib/libopencm3_stm32l0.a(timer_common_all.o)
 .group         0x0000000000000000        0x8 ../../libopencm3/lib/libopencm3_stm32l0.a(timer_common_all.o)
 .group         0x0000000000000000        0x8 ../../libopencm3/lib/libopencm3_stm32l0.a(timer_common_all.o)
 .group         0x0000000000000000        0x8 ../../libopencm3/lib/libopencm3_stm32l0.a(timer_common_all.o)
 .group         0x0000000000000000        0x8 ../../libopencm3/lib/libopencm3_stm32l0.a(timer_common_all.o)
 .group         0x0000000000000000        0x8 ../../libopencm3/lib/libopencm3_stm32l0.a(timer_common_all.o)
 .group         0x0000000000000000        0x8 ../../libopencm3/lib/libopencm3_stm32l0.a(timer_common_all.o)
 .group         0x0000000000000000        0x8 ../../libopencm3/lib/libopencm3_stm32l0.a(timer_common_all.o)
 .group         0x0000000000000000        0x8 ../../libopencm3/lib/libopencm3_stm32l0.a(timer_common_all.o)
 .group         0x0000000000000000        0x8 ../../libopencm3/lib/libopencm3_stm32l0.a(timer_common_all.o)
 .text          0x0000000000000000        0x0 ../../libopencm3/lib/libopencm3_stm32l0.a(timer_common_all.o)
 .data          0x0000000000000000        0x0 ../../libopencm3/lib/libopencm3_stm32l0.a(timer_common_all.o)
 .bss           0x0000000000000000        0x0 ../../libopencm3/lib/libopencm3_stm32l0.a(timer_common_all.o)
 .text.timer_reset
                0x0000000000000000       0x50 ../../libopencm3/lib/libopencm3_stm32l0.a(timer_common_all.o)
 .text.timer_disable_irq
                0x0000000000000000        0x8 ../../libopencm3/lib/libopencm3_stm32l0.a(timer_common_all.o)
 .text.timer_interrupt_source
                0x0000000000000000       0x16 ../../libopencm3/lib/libopencm3_stm32l0.a(timer_common_all.o)
 .text.timer_set_clock_division
                0x0000000000000000       0x1c ../../libopencm3/lib/libopencm3_stm32l0.a(timer_common_all.o)
 .text.timer_enable_preload
                0x0000000000000000        0xa ../../libopencm3/lib/libopencm3_stm32l0.a(timer_common_all.o)
 .text.timer_disable_preload
                0x0000000000000000        0xa ../../libopencm3/lib/libopencm3_stm32l0.a(timer_common_all.o)
 .text.timer_set_alignment
                0x0000000000000000       0x12 ../../libopencm3/lib/libopencm3_stm32l0.a(timer_common_all.o)
 .text.timer_direction_up
                0x0000000000000000        0xa ../../libopencm3/lib/libopencm3_stm32l0.a(timer_common_all.o)
 .text.timer_direction_down
                0x0000000000000000        0xa ../../libopencm3/lib/libopencm3_stm32l0.a(timer_common_all.o)
 .text.timer_one_shot_mode
                0x0000000000000000        0xa ../../libopencm3/lib/libopencm3_stm32l0.a(timer_common_all.o)
 .text.timer_continuous_mode
                0x0000000000000000        0xa ../../libopencm3/lib/libopencm3_stm32l0.a(timer_common_all.o)
 .text.timer_update_on_any
                0x0000000000000000        0xa ../../libopencm3/lib/libopencm3_stm32l0.a(timer_common_all.o)
 .text.timer_update_on_overflow
                0x0000000000000000        0xa ../../libopencm3/lib/libopencm3_stm32l0.a(timer_common_all.o)
 .text.timer_enable_update_event
                0x0000000000000000        0xa ../../libopencm3/lib/libopencm3_stm32l0.a(timer_common_all.o)
 .text.timer_disable_update_event
                0x0000000000000000        0xa ../../libopencm3/lib/libopencm3_stm32l0.a(timer_common_all.o)
 .text.timer_disable_counter
                0x0000000000000000        0xa ../../libopencm3/lib/libopencm3_stm32l0.a(timer_common_all.o)
 .text.timer_set_output_idle_state
                0x0000000000000000        0x2 ../../libopencm3/lib/libopencm3_stm32l0.a(timer_common_all.o)
 .text.timer_reset_output_idle_state
                0x0000000000000000        0x2 ../../libopencm3/lib/libopencm3_stm32l0.a(timer_common_all.o)
 .text.timer_set_ti1_ch123_xor
                0x0000000000000000        0xa ../../libopencm3/lib/libopencm3_stm32l0.a(timer_common_all.o)
 .text.timer_set_ti1_ch1
                0x0000000000000000        0xa ../../libopencm3/lib/libopencm3_stm32l0.a(timer_common_all.o)
 .text.timer_set_master_mode
                0x0000000000000000       0x10 ../../libopencm3/lib/libopencm3_stm32l0.a(timer_common_all.o)
 .text.timer_set_dma_on_compare_event
                0x0000000000000000        0xa ../../libopencm3/lib/libopencm3_stm32l0.a(timer_common_all.o)
 .text.timer_set_dma_on_update_event
                0x0000000000000000        0xa ../../libopencm3/lib/libopencm3_stm32l0.a(timer_common_all.o)
 .text.timer_enable_compare_control_update_on_trigger
                0x0000000000000000        0x2 ../../libopencm3/lib/libopencm3_stm32l0.a(timer_common_all.o)
 .text.timer_disable_compare_control_update_on_trigger
                0x0000000000000000        0x2 ../../libopencm3/lib/libopencm3_stm32l0.a(timer_common_all.o)
 .text.timer_enable_preload_complementry_enable_bits
                0x0000000000000000        0x2 ../../libopencm3/lib/libopencm3_stm32l0.a(timer_common_all.o)
 .text.timer_disable_preload_complementry_enable_bits
                0x0000000000000000        0x2 ../../libopencm3/lib/libopencm3_stm32l0.a(timer_common_all.o)
 .text.timer_set_repetition_counter
                0x0000000000000000        0x2 ../../libopencm3/lib/libopencm3_stm32l0.a(timer_common_all.o)
 .text.timer_enable_oc_clear
                0x0000000000000000       0x3a ../../libopencm3/lib/libopencm3_stm32l0.a(timer_common_all.o)
 .text.timer_disable_oc_clear
                0x0000000000000000       0x40 ../../libopencm3/lib/libopencm3_stm32l0.a(timer_common_all.o)
 .text.timer_set_oc_fast_mode
                0x0000000000000000       0x3a ../../libopencm3/lib/libopencm3_stm32l0.a(timer_common_all.o)
 .text.timer_set_oc_slow_mode
                0x0000000000000000       0x40 ../../libopencm3/lib/libopencm3_stm32l0.a(timer_common_all.o)
 .text.timer_enable_oc_preload
                0x0000000000000000       0x3a ../../libopencm3/lib/libopencm3_stm32l0.a(timer_common_all.o)
 .text.timer_disable_oc_preload
                0x0000000000000000       0x40 ../../libopencm3/lib/libopencm3_stm32l0.a(timer_common_all.o)
 .text.timer_set_oc_polarity_high
                0x0000000000000000       0x3c ../../libopencm3/lib/libopencm3_stm32l0.a(timer_common_all.o)
 .text.timer_set_oc_polarity_low
                0x0000000000000000       0x36 ../../libopencm3/lib/libopencm3_stm32l0.a(timer_common_all.o)
 .text.timer_disable_oc_output
                0x0000000000000000       0x3c ../../libopencm3/lib/libopencm3_stm32l0.a(timer_common_all.o)
 .text.timer_set_oc_idle_state_set
                0x0000000000000000        0x2 ../../libopencm3/lib/libopencm3_stm32l0.a(timer_common_all.o)
 .text.timer_set_oc_idle_state_unset
                0x0000000000000000        0x2 ../../libopencm3/lib/libopencm3_stm32l0.a(timer_common_all.o)
 .text.timer_enable_break_main_output
                0x0000000000000000        0x2 ../../libopencm3/lib/libopencm3_stm32l0.a(timer_common_all.o)
 .text.timer_disable_break_main_output
                0x0000000000000000        0x2 ../../libopencm3/lib/libopencm3_stm32l0.a(timer_common_all.o)
 .text.timer_enable_break_automatic_output
                0x0000000000000000        0x2 ../../libopencm3/lib/libopencm3_stm32l0.a(timer_common_all.o)
 .text.timer_disable_break_automatic_output
                0x0000000000000000        0x2 ../../libopencm3/lib/libopencm3_stm32l0.a(timer_common_all.o)
 .text.timer_set_break_polarity_high
                0x0000000000000000        0x2 ../../libopencm3/lib/libopencm3_stm32l0.a(timer_common_all.o)
 .text.timer_set_break_polarity_low
                0x0000000000000000        0x2 ../../libopencm3/lib/libopencm3_stm32l0.a(timer_common_all.o)
 .text.timer_enable_break
                0x0000000000000000        0x2 ../../libopencm3/lib/libopencm3_stm32l0.a(timer_common_all.o)
 .text.timer_disable_break
                0x0000000000000000        0x2 ../../libopencm3/lib/libopencm3_stm32l0.a(timer_common_all.o)
 .text.timer_set_enabled_off_state_in_run_mode
                0x0000000000000000        0x2 ../../libopencm3/lib/libopencm3_stm32l0.a(timer_common_all.o)
 .text.timer_set_disabled_off_state_in_run_mode
                0x0000000000000000        0x2 ../../libopencm3/lib/libopencm3_stm32l0.a(timer_common_all.o)
 .text.timer_set_enabled_off_state_in_idle_mode
                0x0000000000000000        0x2 ../../libopencm3/lib/libopencm3_stm32l0.a(timer_common_all.o)
 .text.timer_set_disabled_off_state_in_idle_mode
                0x0000000000000000        0x2 ../../libopencm3/lib/libopencm3_stm32l0.a(timer_common_all.o)
 .text.timer_set_break_lock
                0x0000000000000000        0x2 ../../libopencm3/lib/libopencm3_stm32l0.a(timer_common_all.o)
 .text.timer_set_deadtime
                0x0000000000000000        0x2 ../../libopencm3/lib/libopencm3_stm32l0.a(timer_common_all.o)
 .text.timer_generate_event
                0x0000000000000000        0x8 ../../libopencm3/lib/libopencm3_stm32l0.a(timer_common_all.o)
 .text.timer_get_counter
                0x0000000000000000        0x4 ../../libopencm3/lib/libopencm3_stm32l0.a(timer_common_all.o)
 .text.timer_set_counter
                0x0000000000000000        0x4 ../../libopencm3/lib/libopencm3_stm32l0.a(timer_common_all.o)
 .text.timer_ic_set_filter
                0x0000000000000000       0x58 ../../libopencm3/lib/libopencm3_stm32l0.a(timer_common_all.o)
 .text.timer_ic_set_prescaler
                0x0000000000000000       0x58 ../../libopencm3/lib/libopencm3_stm32l0.a(timer_common_all.o)
 .text.timer_ic_set_input
                0x0000000000000000       0x6c ../../libopencm3/lib/libopencm3_stm32l0.a(timer_common_all.o)
 .text.timer_ic_enable
                0x0000000000000000        0xe ../../libopencm3/lib/libopencm3_stm32l0.a(timer_common_all.o)
 .text.timer_ic_disable
                0x0000000000000000        0xe ../../libopencm3/lib/libopencm3_stm32l0.a(timer_common_all.o)
 .text.timer_slave_set_filter
                0x0000000000000000       0x18 ../../libopencm3/lib/libopencm3_stm32l0.a(timer_common_all.o)
 .text.timer_slave_set_prescaler
                0x0000000000000000       0x18 ../../libopencm3/lib/libopencm3_stm32l0.a(timer_common_all.o)
 .text.timer_slave_set_polarity
                0x0000000000000000       0x1c ../../libopencm3/lib/libopencm3_stm32l0.a(timer_common_all.o)
 .text.timer_slave_set_mode
                0x0000000000000000       0x10 ../../libopencm3/lib/libopencm3_stm32l0.a(timer_common_all.o)
 .text.timer_slave_set_trigger
                0x0000000000000000       0x10 ../../libopencm3/lib/libopencm3_stm32l0.a(timer_common_all.o)
 .debug_macro   0x0000000000000000      0x898 ../../libopencm3/lib/libopencm3_stm32l0.a(timer_common_all.o)
 .debug_macro   0x0000000000000000       0x22 ../../libopencm3/lib/libopencm3_stm32l0.a(timer_common_all.o)
 .debug_macro   0x0000000000000000       0x87 ../../libopencm3/lib/libopencm3_stm32l0.a(timer_common_all.o)
 .debug_macro   0x0000000000000000       0x51 ../../libopencm3/lib/libopencm3_stm32l0.a(timer_common_all.o)
 .debug_macro   0x0000000000000000       0xef ../../libopencm3/lib/libopencm3_stm32l0.a(timer_common_all.o)
 .debug_macro   0x0000000000000000       0x6a ../../libopencm3/lib/libopencm3_stm32l0.a(timer_common_all.o)
 .debug_macro   0x0000000000000000      0x1df ../../libopencm3/lib/libopencm3_stm32l0.a(timer_common_all.o)
 .debug_macro   0x0000000000000000       0x22 ../../libopencm3/lib/libopencm3_stm32l0.a(timer_common_all.o)
 .debug_macro   0x0000000000000000       0xfa ../../libopencm3/lib/libopencm3_stm32l0.a(timer_common_all.o)
 .debug_macro   0x0000000000000000       0x34 ../../libopencm3/lib/libopencm3_stm32l0.a(timer_common_all.o)
 .debug_macro   0x0000000000000000      0x148 ../../libopencm3/lib/libopencm3_stm32l0.a(timer_common_all.o)
 .debug_macro   0x0000000000000000      0x922 ../../libopencm3/lib/libopencm3_stm32l0.a(timer_common_all.o)
 .group         0x0000000000000000        0x8 ../../libopencm3/lib/libopencm3_stm32l0.a(gpio_common_all.o)
 .group         0x0000000000000000        0x8 ../../libopencm3/lib/libopencm3_stm32l0.a(gpio_common_all.o)
 .group         0x0000000000000000        0x8 ../../libopencm3/lib/libopencm3_stm32l0.a(gpio_common_all.o)
 .group         0x0000000000000000        0x8 ../../libopencm3/lib/libopencm3_stm32l0.a(gpio_common_all.o)
 .group         0x0000000000000000        0x8 ../../libopencm3/lib/libopencm3_stm32l0.a(gpio_common_all.o)
 .group         0x0000000000000000        0x8 ../../libopencm3/lib/libopencm3_stm32l0.a(gpio_common_all.o)
 .group         0x0000000000000000        0x8 ../../libopencm3/lib/libopencm3_stm32l0.a(gpio_common_all.o)
 .group         0x0000000000000000        0x8 ../../libopencm3/lib/libopencm3_stm32l0.a(gpio_common_all.o)
 .group         0x0000000000000000        0x8 ../../libopencm3/lib/libopencm3_stm32l0.a(gpio_common_all.o)
 .group         0x0000000000000000        0x8 ../../libopencm3/lib/libopencm3_stm32l0.a(gpio_common_all.o)
 .group         0x0000000000000000        0x8 ../../libopencm3/lib/libopencm3_stm32l0.a(gpio_common_all.o)
 .group         0x0000000000000000        0x8 ../../libopencm3/lib/libopencm3_stm32l0.a(gpio_common_all.o)
 .group         0x0000000000000000        0x8 ../../libopencm3/lib/libopencm3_stm32l0.a(gpio_common_all.o)
 .group         0x0000000000000000        0x8 ../../libopencm3/lib/libopencm3_stm32l0.a(gpio_common_all.o)
 .group         0x0000000000000000        0x8 ../../libopencm3/lib/libopencm3_stm32l0.a(gpio_common_all.o)
 .text          0x0000000000000000        0x0 ../../libopencm3/lib/libopencm3_stm32l0.a(gpio_common_all.o)
 .data          0x0000000000000000        0x0 ../../libopencm3/lib/libopencm3_stm32l0.a(gpio_common_all.o)
 .bss           0x0000000000000000        0x0 ../../libopencm3/lib/libopencm3_stm32l0.a(gpio_common_all.o)
 .text.gpio_toggle
                0x0000000000000000       0x10 ../../libopencm3/lib/libopencm3_stm32l0.a(gpio_common_all.o)
 .text.gpio_port_read
                0x0000000000000000        0x6 ../../libopencm3/lib/libopencm3_stm32l0.a(gpio_common_all.o)
 .text.gpio_port_write
                0x0000000000000000        0x4 ../../libopencm3/lib/libopencm3_stm32l0.a(gpio_common_all.o)
 .text.gpio_port_config_lock
                0x0000000000000000       0x12 ../../libopencm3/lib/libopencm3_stm32l0.a(gpio_common_all.o)
 .debug_macro   0x0000000000000000      0x898 ../../libopencm3/lib/libopencm3_stm32l0.a(gpio_common_all.o)
 .debug_macro   0x0000000000000000       0x22 ../../libopencm3/lib/libopencm3_stm32l0.a(gpio_common_all.o)
 .debug_macro   0x0000000000000000       0x87 ../../libopencm3/lib/libopencm3_stm32l0.a(gpio_common_all.o)
 .debug_macro   0x0000000000000000       0x51 ../../libopencm3/lib/libopencm3_stm32l0.a(gpio_common_all.o)
 .debug_macro   0x0000000000000000       0xef ../../libopencm3/lib/libopencm3_stm32l0.a(gpio_common_all.o)
 .debug_macro   0x0000000000000000       0x6a ../../libopencm3/lib/libopencm3_stm32l0.a(gpio_common_all.o)
 .debug_macro   0x0000000000000000      0x1df ../../libopencm3/lib/libopencm3_stm32l0.a(gpio_common_all.o)
 .debug_macro   0x0000000000000000       0x22 ../../libopencm3/lib/libopencm3_stm32l0.a(gpio_common_all.o)
 .debug_macro   0x0000000000000000       0xfa ../../libopencm3/lib/libopencm3_stm32l0.a(gpio_common_all.o)
 .debug_macro   0x0000000000000000       0x34 ../../libopencm3/lib/libopencm3_stm32l0.a(gpio_common_all.o)
 .debug_macro   0x0000000000000000      0x148 ../../libopencm3/lib/libopencm3_stm32l0.a(gpio_common_all.o)
 .group         0x0000000000000000        0x8 ../../libopencm3/lib/libopencm3_stm32l0.a(gpio_common_f0234.o)
 .group         0x0000000000000000        0x8 ../../libopencm3/lib/libopencm3_stm32l0.a(gpio_common_f0234.o)
 .group         0x0000000000000000        0x8 ../../libopencm3/lib/libopencm3_stm32l0.a(gpio_common_f0234.o)
 .group         0x0000000000000000        0x8 ../../libopencm3/lib/libopencm3_stm32l0.a(gpio_common_f0234.o)
 .group         0x0000000000000000        0x8 ../../libopencm3/lib/libopencm3_stm32l0.a(gpio_common_f0234.o)
 .group         0x0000000000000000        0x8 ../../libopencm3/lib/libopencm3_stm32l0.a(gpio_common_f0234.o)
 .group         0x0000000000000000        0x8 ../../libopencm3/lib/libopencm3_stm32l0.a(gpio_common_f0234.o)
 .group         0x0000000000000000        0x8 ../../libopencm3/lib/libopencm3_stm32l0.a(gpio_common_f0234.o)
 .group         0x0000000000000000        0x8 ../../libopencm3/lib/libopencm3_stm32l0.a(gpio_common_f0234.o)
 .group         0x0000000000000000        0x8 ../../libopencm3/lib/libopencm3_stm32l0.a(gpio_common_f0234.o)
 .group         0x0000000000000000        0x8 ../../libopencm3/lib/libopencm3_stm32l0.a(gpio_common_f0234.o)
 .group         0x0000000000000000        0x8 ../../libopencm3/lib/libopencm3_stm32l0.a(gpio_common_f0234.o)
 .group         0x0000000000000000        0x8 ../../libopencm3/lib/libopencm3_stm32l0.a(gpio_common_f0234.o)
 .group         0x0000000000000000        0x8 ../../libopencm3/lib/libopencm3_stm32l0.a(gpio_common_f0234.o)
 .group         0x0000000000000000        0x8 ../../libopencm3/lib/libopencm3_stm32l0.a(gpio_common_f0234.o)
 .text          0x0000000000000000        0x0 ../../libopencm3/lib/libopencm3_stm32l0.a(gpio_common_f0234.o)
 .data          0x0000000000000000        0x0 ../../libopencm3/lib/libopencm3_stm32l0.a(gpio_common_f0234.o)
 .bss           0x0000000000000000        0x0 ../../libopencm3/lib/libopencm3_stm32l0.a(gpio_common_f0234.o)
 .debug_macro   0x0000000000000000      0x898 ../../libopencm3/lib/libopencm3_stm32l0.a(gpio_common_f0234.o)
 .debug_macro   0x0000000000000000       0x22 ../../libopencm3/lib/libopencm3_stm32l0.a(gpio_common_f0234.o)
 .debug_macro   0x0000000000000000       0x87 ../../libopencm3/lib/libopencm3_stm32l0.a(gpio_common_f0234.o)
 .debug_macro   0x0000000000000000       0x51 ../../libopencm3/lib/libopencm3_stm32l0.a(gpio_common_f0234.o)
 .debug_macro   0x0000000000000000       0xef ../../libopencm3/lib/libopencm3_stm32l0.a(gpio_common_f0234.o)
 .debug_macro   0x0000000000000000       0x6a ../../libopencm3/lib/libopencm3_stm32l0.a(gpio_common_f0234.o)
 .debug_macro   0x0000000000000000      0x1df ../../libopencm3/lib/libopencm3_stm32l0.a(gpio_common_f0234.o)
 .debug_macro   0x0000000000000000       0x22 ../../libopencm3/lib/libopencm3_stm32l0.a(gpio_common_f0234.o)
 .debug_macro   0x0000000000000000       0xfa ../../libopencm3/lib/libopencm3_stm32l0.a(gpio_common_f0234.o)
 .debug_macro   0x0000000000000000       0x34 ../../libopencm3/lib/libopencm3_stm32l0.a(gpio_common_f0234.o)
 .debug_macro   0x0000000000000000      0x148 ../../libopencm3/lib/libopencm3_stm32l0.a(gpio_common_f0234.o)
 .debug_macro   0x0000000000000000       0x76 ../../libopencm3/lib/libopencm3_stm32l0.a(gpio_common_f0234.o)
 .debug_macro   0x0000000000000000      0x2e6 ../../libopencm3/lib/libopencm3_stm32l0.a(gpio_common_f0234.o)
 .debug_macro   0x0000000000000000      0x14e ../../libopencm3/lib/libopencm3_stm32l0.a(gpio_common_f0234.o)
 .debug_macro   0x0000000000000000       0x3a ../../libopencm3/lib/libopencm3_stm32l0.a(gpio_common_f0234.o)
 .group         0x0000000000000000        0x8 ../../libopencm3/lib/libopencm3_stm32l0.a(rcc_common_all.o)
 .group         0x0000000000000000        0x8 ../../libopencm3/lib/libopencm3_stm32l0.a(rcc_common_all.o)
 .group         0x0000000000000000        0x8 ../../libopencm3/lib/libopencm3_stm32l0.a(rcc_common_all.o)
 .group         0x0000000000000000        0x8 ../../libopencm3/lib/libopencm3_stm32l0.a(rcc_common_all.o)
 .group         0x0000000000000000        0x8 ../../libopencm3/lib/libopencm3_stm32l0.a(rcc_common_all.o)
 .group         0x0000000000000000        0x8 ../../libopencm3/lib/libopencm3_stm32l0.a(rcc_common_all.o)
 .group         0x0000000000000000        0x8 ../../libopencm3/lib/libopencm3_stm32l0.a(rcc_common_all.o)
 .group         0x0000000000000000        0x8 ../../libopencm3/lib/libopencm3_stm32l0.a(rcc_common_all.o)
 .group         0x0000000000000000        0x8 ../../libopencm3/lib/libopencm3_stm32l0.a(rcc_common_all.o)
 .group         0x0000000000000000        0x8 ../../libopencm3/lib/libopencm3_stm32l0.a(rcc_common_all.o)
 .group         0x0000000000000000        0x8 ../../libopencm3/lib/libopencm3_stm32l0.a(rcc_common_all.o)
 .group         0x0000000000000000        0x8 ../../libopencm3/lib/libopencm3_stm32l0.a(rcc_common_all.o)
 .text          0x0000000000000000        0x0 ../../libopencm3/lib/libopencm3_stm32l0.a(rcc_common_all.o)
 .data          0x0000000000000000        0x0 ../../libopencm3/lib/libopencm3_stm32l0.a(rcc_common_all.o)
 .bss           0x0000000000000000        0x0 ../../libopencm3/lib/libopencm3_stm32l0.a(rcc_common_all.o)
 .text.rcc_peripheral_disable_clock
                0x0000000000000000        0x8 ../../libopencm3/lib/libopencm3_stm32l0.a(rcc_common_all.o)
 .text.rcc_peripheral_reset
                0x0000000000000000        0x8 ../../libopencm3/lib/libopencm3_stm32l0.a(rcc_common_all.o)
 .text.rcc_peripheral_clear_reset
                0x0000000000000000        0x8 ../../libopencm3/lib/libopencm3_stm32l0.a(rcc_common_all.o)
 .text.rcc_periph_clock_disable
                0x0000000000000000       0x1c ../../libopencm3/lib/libopencm3_stm32l0.a(rcc_common_all.o)
 .text.rcc_periph_reset_pulse
                0x0000000000000000       0x20 ../../libopencm3/lib/libopencm3_stm32l0.a(rcc_common_all.o)
 .text.rcc_periph_reset_hold
                0x0000000000000000       0x1c ../../libopencm3/lib/libopencm3_stm32l0.a(rcc_common_all.o)
 .text.rcc_periph_reset_release
                0x0000000000000000       0x1c ../../libopencm3/lib/libopencm3_stm32l0.a(rcc_common_all.o)
 .text.rcc_set_mco
                0x0000000000000000       0x18 ../../libopencm3/lib/libopencm3_stm32l0.a(rcc_common_all.o)
 .debug_macro   0x0000000000000000      0x898 ../../libopencm3/lib/libopencm3_stm32l0.a(rcc_common_all.o)
 .debug_macro   0x0000000000000000       0x22 ../../libopencm3/lib/libopencm3_stm32l0.a(rcc_common_all.o)
 .debug_macro   0x0000000000000000       0x87 ../../libopencm3/lib/libopencm3_stm32l0.a(rcc_common_all.o)
 .debug_macro   0x0000000000000000       0x51 ../../libopencm3/lib/libopencm3_stm32l0.a(rcc_common_all.o)
 .debug_macro   0x0000000000000000       0xef ../../libopencm3/lib/libopencm3_stm32l0.a(rcc_common_all.o)
 .debug_macro   0x0000000000000000       0x6a ../../libopencm3/lib/libopencm3_stm32l0.a(rcc_common_all.o)
 .debug_macro   0x0000000000000000      0x1df ../../libopencm3/lib/libopencm3_stm32l0.a(rcc_common_all.o)
 .debug_macro   0x0000000000000000       0x22 ../../libopencm3/lib/libopencm3_stm32l0.a(rcc_common_all.o)
 .debug_macro   0x0000000000000000       0xfa ../../libopencm3/lib/libopencm3_stm32l0.a(rcc_common_all.o)
 .debug_macro   0x0000000000000000       0x34 ../../libopencm3/lib/libopencm3_stm32l0.a(rcc_common_all.o)
 .debug_macro   0x0000000000000000      0x148 ../../libopencm3/lib/libopencm3_stm32l0.a(rcc_common_all.o)
 .debug_macro   0x0000000000000000      0x922 ../../libopencm3/lib/libopencm3_stm32l0.a(rcc_common_all.o)
 .group         0x0000000000000000        0x8 ../../libopencm3/lib/libopencm3_stm32l0.a(exti_common_all.o)
 .group         0x0000000000000000        0x8 ../../libopencm3/lib/libopencm3_stm32l0.a(exti_common_all.o)
 .group         0x0000000000000000        0x8 ../../libopencm3/lib/libopencm3_stm32l0.a(exti_common_all.o)
 .group         0x0000000000000000        0x8 ../../libopencm3/lib/libopencm3_stm32l0.a(exti_common_all.o)
 .group         0x0000000000000000        0x8 ../../libopencm3/lib/libopencm3_stm32l0.a(exti_common_all.o)
 .group         0x0000000000000000        0x8 ../../libopencm3/lib/libopencm3_stm32l0.a(exti_common_all.o)
 .group         0x0000000000000000        0x8 ../../libopencm3/lib/libopencm3_stm32l0.a(exti_common_all.o)
 .group         0x0000000000000000        0x8 ../../libopencm3/lib/libopencm3_stm32l0.a(exti_common_all.o)
 .group         0x0000000000000000        0x8 ../../libopencm3/lib/libopencm3_stm32l0.a(exti_common_all.o)
 .group         0x0000000000000000        0x8 ../../libopencm3/lib/libopencm3_stm32l0.a(exti_common_all.o)
 .group         0x0000000000000000        0x8 ../../libopencm3/lib/libopencm3_stm32l0.a(exti_common_all.o)
 .group         0x0000000000000000        0x8 ../../libopencm3/lib/libopencm3_stm32l0.a(exti_common_all.o)
 .group         0x0000000000000000        0x8 ../../libopencm3/lib/libopencm3_stm32l0.a(exti_common_all.o)
 .group         0x0000000000000000        0x8 ../../libopencm3/lib/libopencm3_stm32l0.a(exti_common_all.o)
 .group         0x0000000000000000        0x8 ../../libopencm3/lib/libopencm3_stm32l0.a(exti_common_all.o)
 .group         0x0000000000000000        0x8 ../../libopencm3/lib/libopencm3_stm32l0.a(exti_common_all.o)
 .group         0x0000000000000000        0x8 ../../libopencm3/lib/libopencm3_stm32l0.a(exti_common_all.o)
 .text          0x0000000000000000        0x0 ../../libopencm3/lib/libopencm3_stm32l0.a(exti_common_all.o)
 .data          0x0000000000000000        0x0 ../../libopencm3/lib/libopencm3_stm32l0.a(exti_common_all.o)
 .bss           0x0000000000000000        0x0 ../../libopencm3/lib/libopencm3_stm32l0.a(exti_common_all.o)
 .text.exti_get_flag_status
                0x0000000000000000        0xc ../../libopencm3/lib/libopencm3_stm32l0.a(exti_common_all.o)
 .debug_macro   0x0000000000000000      0x898 ../../libopencm3/lib/libopencm3_stm32l0.a(exti_common_all.o)
 .debug_macro   0x0000000000000000       0x22 ../../libopencm3/lib/libopencm3_stm32l0.a(exti_common_all.o)
 .debug_macro   0x0000000000000000       0x87 ../../libopencm3/lib/libopencm3_stm32l0.a(exti_common_all.o)
 .debug_macro   0x0000000000000000       0x51 ../../libopencm3/lib/libopencm3_stm32l0.a(exti_common_all.o)
 .debug_macro   0x0000000000000000       0xef ../../libopencm3/lib/libopencm3_stm32l0.a(exti_common_all.o)
 .debug_macro   0x0000000000000000       0x6a ../../libopencm3/lib/libopencm3_stm32l0.a(exti_common_all.o)
 .debug_macro   0x0000000000000000      0x1df ../../libopencm3/lib/libopencm3_stm32l0.a(exti_common_all.o)
 .debug_macro   0x0000000000000000       0x22 ../../libopencm3/lib/libopencm3_stm32l0.a(exti_common_all.o)
 .debug_macro   0x0000000000000000       0xfa ../../libopencm3/lib/libopencm3_stm32l0.a(exti_common_all.o)
 .debug_macro   0x0000000000000000       0x34 ../../libopencm3/lib/libopencm3_stm32l0.a(exti_common_all.o)
 .debug_macro   0x0000000000000000      0x148 ../../libopencm3/lib/libopencm3_stm32l0.a(exti_common_all.o)
 .debug_macro   0x0000000000000000       0x76 ../../libopencm3/lib/libopencm3_stm32l0.a(exti_common_all.o)
 .debug_macro   0x0000000000000000      0x2e6 ../../libopencm3/lib/libopencm3_stm32l0.a(exti_common_all.o)
 .debug_macro   0x0000000000000000      0x14e ../../libopencm3/lib/libopencm3_stm32l0.a(exti_common_all.o)
 .debug_macro   0x0000000000000000       0x3a ../../libopencm3/lib/libopencm3_stm32l0.a(exti_common_all.o)
 .group         0x0000000000000000        0x8 ../../libopencm3/lib/libopencm3_stm32l0.a(vector.o)
 .group         0x0000000000000000        0x8 ../../libopencm3/lib/libopencm3_stm32l0.a(vector.o)
 .group         0x0000000000000000        0x8 ../../libopencm3/lib/libopencm3_stm32l0.a(vector.o)
 .group         0x0000000000000000        0x8 ../../libopencm3/lib/libopencm3_stm32l0.a(vector.o)
 .group         0x0000000000000000        0x8 ../../libopencm3/lib/libopencm3_stm32l0.a(vector.o)
 .group         0x0000000000000000        0x8 ../../libopencm3/lib/libopencm3_stm32l0.a(vector.o)
 .group         0x0000000000000000        0x8 ../../libopencm3/lib/libopencm3_stm32l0.a(vector.o)
 .group         0x0000000000000000        0x8 ../../libopencm3/lib/libopencm3_stm32l0.a(vector.o)
 .group         0x0000000000000000        0x8 ../../libopencm3/lib/libopencm3_stm32l0.a(vector.o)
 .group         0x0000000000000000        0x8 ../../libopencm3/lib/libopencm3_stm32l0.a(vector.o)
 .group         0x0000000000000000        0x8 ../../libopencm3/lib/libopencm3_stm32l0.a(vector.o)
 .group         0x0000000000000000        0x8 ../../libopencm3/lib/libopencm3_stm32l0.a(vector.o)
 .group         0x0000000000000000        0x8 ../../libopencm3/lib/libopencm3_stm32l0.a(vector.o)
 .text          0x0000000000000000        0x0 ../../libopencm3/lib/libopencm3_stm32l0.a(vector.o)
 .data          0x0000000000000000        0x0 ../../libopencm3/lib/libopencm3_stm32l0.a(vector.o)
 .bss           0x0000000000000000        0x0 ../../libopencm3/lib/libopencm3_stm32l0.a(vector.o)
 .debug_macro   0x0000000000000000      0x898 ../../libopencm3/lib/libopencm3_stm32l0.a(vector.o)
 .debug_macro   0x0000000000000000       0x34 ../../libopencm3/lib/libopencm3_stm32l0.a(vector.o)
 .debug_macro   0x0000000000000000       0x22 ../../libopencm3/lib/libopencm3_stm32l0.a(vector.o)
 .debug_macro   0x0000000000000000       0x87 ../../libopencm3/lib/libopencm3_stm32l0.a(vector.o)
 .debug_macro   0x0000000000000000       0x51 ../../libopencm3/lib/libopencm3_stm32l0.a(vector.o)
 .debug_macro   0x0000000000000000       0xef ../../libopencm3/lib/libopencm3_stm32l0.a(vector.o)
 .debug_macro   0x0000000000000000       0x6a ../../libopencm3/lib/libopencm3_stm32l0.a(vector.o)
 .debug_macro   0x0000000000000000      0x1df ../../libopencm3/lib/libopencm3_stm32l0.a(vector.o)
 .debug_macro   0x0000000000000000       0x22 ../../libopencm3/lib/libopencm3_stm32l0.a(vector.o)
 .debug_macro   0x0000000000000000       0xfa ../../libopencm3/lib/libopencm3_stm32l0.a(vector.o)
 .group         0x0000000000000000        0x8 ../../libopencm3/lib/libopencm3_stm32l0.a(systick.o)
 .group         0x0000000000000000        0x8 ../../libopencm3/lib/libopencm3_stm32l0.a(systick.o)
 .group         0x0000000000000000        0x8 ../../libopencm3/lib/libopencm3_stm32l0.a(systick.o)
 .group         0x0000000000000000        0x8 ../../libopencm3/lib/libopencm3_stm32l0.a(systick.o)
 .group         0x0000000000000000        0x8 ../../libopencm3/lib/libopencm3_stm32l0.a(systick.o)
 .group         0x0000000000000000        0x8 ../../libopencm3/lib/libopencm3_stm32l0.a(systick.o)
 .group         0x0000000000000000        0x8 ../../libopencm3/lib/libopencm3_stm32l0.a(systick.o)
 .group         0x0000000000000000        0x8 ../../libopencm3/lib/libopencm3_stm32l0.a(systick.o)
 .group         0x0000000000000000        0x8 ../../libopencm3/lib/libopencm3_stm32l0.a(systick.o)
 .group         0x0000000000000000        0x8 ../../libopencm3/lib/libopencm3_stm32l0.a(systick.o)
 .group         0x0000000000000000        0x8 ../../libopencm3/lib/libopencm3_stm32l0.a(systick.o)
 .text          0x0000000000000000        0x0 ../../libopencm3/lib/libopencm3_stm32l0.a(systick.o)
 .data          0x0000000000000000        0x0 ../../libopencm3/lib/libopencm3_stm32l0.a(systick.o)
 .bss           0x0000000000000000        0x0 ../../libopencm3/lib/libopencm3_stm32l0.a(systick.o)
 .text.systick_get_reload
                0x0000000000000000       0x10 ../../libopencm3/lib/libopencm3_stm32l0.a(systick.o)
 .text.systick_get_value
                0x0000000000000000       0x10 ../../libopencm3/lib/libopencm3_stm32l0.a(systick.o)
 .text.systick_set_frequency
                0x0000000000000000       0x28 ../../libopencm3/lib/libopencm3_stm32l0.a(systick.o)
 .text.systick_interrupt_disable
                0x0000000000000000       0x10 ../../libopencm3/lib/libopencm3_stm32l0.a(systick.o)
 .text.systick_counter_disable
                0x0000000000000000       0x10 ../../libopencm3/lib/libopencm3_stm32l0.a(systick.o)
 .text.systick_get_countflag
                0x0000000000000000       0x10 ../../libopencm3/lib/libopencm3_stm32l0.a(systick.o)
 .text.systick_clear
                0x0000000000000000        0xc ../../libopencm3/lib/libopencm3_stm32l0.a(systick.o)
 .text.systick_get_calib
                0x0000000000000000       0x10 ../../libopencm3/lib/libopencm3_stm32l0.a(systick.o)
 .debug_macro   0x0000000000000000      0x898 ../../libopencm3/lib/libopencm3_stm32l0.a(systick.o)
 .debug_macro   0x0000000000000000       0x34 ../../libopencm3/lib/libopencm3_stm32l0.a(systick.o)
 .debug_macro   0x0000000000000000       0x22 ../../libopencm3/lib/libopencm3_stm32l0.a(systick.o)
 .debug_macro   0x0000000000000000       0x87 ../../libopencm3/lib/libopencm3_stm32l0.a(systick.o)
 .debug_macro   0x0000000000000000       0x51 ../../libopencm3/lib/libopencm3_stm32l0.a(systick.o)
 .debug_macro   0x0000000000000000       0xef ../../libopencm3/lib/libopencm3_stm32l0.a(systick.o)
 .debug_macro   0x0000000000000000       0x6a ../../libopencm3/lib/libopencm3_stm32l0.a(systick.o)
 .debug_macro   0x0000000000000000      0x1df ../../libopencm3/lib/libopencm3_stm32l0.a(systick.o)
 .debug_macro   0x0000000000000000       0x22 ../../libopencm3/lib/libopencm3_stm32l0.a(systick.o)
 .debug_macro   0x0000000000000000       0xfa ../../libopencm3/lib/libopencm3_stm32l0.a(systick.o)
 .group         0x0000000000000000        0x8 ../../libopencm3/lib/libopencm3_stm32l0.a(nvic.o)
 .group         0x0000000000000000        0x8 ../../libopencm3/lib/libopencm3_stm32l0.a(nvic.o)
 .group         0x0000000000000000        0x8 ../../libopencm3/lib/libopencm3_stm32l0.a(nvic.o)
 .group         0x0000000000000000        0x8 ../../libopencm3/lib/libopencm3_stm32l0.a(nvic.o)
 .group         0x0000000000000000        0x8 ../../libopencm3/lib/libopencm3_stm32l0.a(nvic.o)
 .group         0x0000000000000000        0x8 ../../libopencm3/lib/libopencm3_stm32l0.a(nvic.o)
 .group         0x0000000000000000        0x8 ../../libopencm3/lib/libopencm3_stm32l0.a(nvic.o)
 .group         0x0000000000000000        0x8 ../../libopencm3/lib/libopencm3_stm32l0.a(nvic.o)
 .group         0x0000000000000000        0x8 ../../libopencm3/lib/libopencm3_stm32l0.a(nvic.o)
 .group         0x0000000000000000        0x8 ../../libopencm3/lib/libopencm3_stm32l0.a(nvic.o)
 .group         0x0000000000000000        0x8 ../../libopencm3/lib/libopencm3_stm32l0.a(nvic.o)
 .group         0x0000000000000000        0x8 ../../libopencm3/lib/libopencm3_stm32l0.a(nvic.o)
 .group         0x0000000000000000        0x8 ../../libopencm3/lib/libopencm3_stm32l0.a(nvic.o)
 .text          0x0000000000000000        0x0 ../../libopencm3/lib/libopencm3_stm32l0.a(nvic.o)
 .data          0x0000000000000000        0x0 ../../libopencm3/lib/libopencm3_stm32l0.a(nvic.o)
 .bss           0x0000000000000000        0x0 ../../libopencm3/lib/libopencm3_stm32l0.a(nvic.o)
 .text.nvic_disable_irq
                0x0000000000000000       0x18 ../../libopencm3/lib/libopencm3_stm32l0.a(nvic.o)
 .text.nvic_get_pending_irq
                0x0000000000000000       0x24 ../../libopencm3/lib/libopencm3_stm32l0.a(nvic.o)
 .text.nvic_set_pending_irq
                0x0000000000000000       0x18 ../../libopencm3/lib/libopencm3_stm32l0.a(nvic.o)
 .text.nvic_clear_pending_irq
                0x0000000000000000       0x18 ../../libopencm3/lib/libopencm3_stm32l0.a(nvic.o)
 .text.nvic_get_irq_enabled
                0x0000000000000000       0x24 ../../libopencm3/lib/libopencm3_stm32l0.a(nvic.o)
 .debug_macro   0x0000000000000000      0x898 ../../libopencm3/lib/libopencm3_stm32l0.a(nvic.o)
 .debug_macro   0x0000000000000000       0x22 ../../libopencm3/lib/libopencm3_stm32l0.a(nvic.o)
 .debug_macro   0x0000000000000000       0x87 ../../libopencm3/lib/libopencm3_stm32l0.a(nvic.o)
 .debug_macro   0x0000000000000000       0x51 ../../libopencm3/lib/libopencm3_stm32l0.a(nvic.o)
 .debug_macro   0x0000000000000000       0xef ../../libopencm3/lib/libopencm3_stm32l0.a(nvic.o)
 .debug_macro   0x0000000000000000       0x6a ../../libopencm3/lib/libopencm3_stm32l0.a(nvic.o)
 .debug_macro   0x0000000000000000      0x1df ../../libopencm3/lib/libopencm3_stm32l0.a(nvic.o)
 .debug_macro   0x0000000000000000       0x22 ../../libopencm3/lib/libopencm3_stm32l0.a(nvic.o)
 .debug_macro   0x0000000000000000       0xfa ../../libopencm3/lib/libopencm3_stm32l0.a(nvic.o)
 .debug_macro   0x0000000000000000       0x34 ../../libopencm3/lib/libopencm3_stm32l0.a(nvic.o)
 .debug_macro   0x0000000000000000       0xca ../../libopencm3/lib/libopencm3_stm32l0.a(nvic.o)
 .group         0x0000000000000000        0x8 ../../libopencm3/lib/libopencm3_stm32l0.a(assert.o)
 .group         0x0000000000000000        0x8 ../../libopencm3/lib/libopencm3_stm32l0.a(assert.o)
 .group         0x0000000000000000        0x8 ../../libopencm3/lib/libopencm3_stm32l0.a(assert.o)
 .group         0x0000000000000000        0x8 ../../libopencm3/lib/libopencm3_stm32l0.a(assert.o)
 .group         0x0000000000000000        0x8 ../../libopencm3/lib/libopencm3_stm32l0.a(assert.o)
 .group         0x0000000000000000        0x8 ../../libopencm3/lib/libopencm3_stm32l0.a(assert.o)
 .group         0x0000000000000000        0x8 ../../libopencm3/lib/libopencm3_stm32l0.a(assert.o)
 .group         0x0000000000000000        0x8 ../../libopencm3/lib/libopencm3_stm32l0.a(assert.o)
 .group         0x0000000000000000        0x8 ../../libopencm3/lib/libopencm3_stm32l0.a(assert.o)
 .group         0x0000000000000000        0x8 ../../libopencm3/lib/libopencm3_stm32l0.a(assert.o)
 .text          0x0000000000000000        0x0 ../../libopencm3/lib/libopencm3_stm32l0.a(assert.o)
 .data          0x0000000000000000        0x0 ../../libopencm3/lib/libopencm3_stm32l0.a(assert.o)
 .bss           0x0000000000000000        0x0 ../../libopencm3/lib/libopencm3_stm32l0.a(assert.o)
 .text.cm3_assert_failed
                0x0000000000000000        0x2 ../../libopencm3/lib/libopencm3_stm32l0.a(assert.o)
 .text.cm3_assert_failed_verbose
                0x0000000000000000        0x6 ../../libopencm3/lib/libopencm3_stm32l0.a(assert.o)
 .debug_info    0x0000000000000000       0xee ../../libopencm3/lib/libopencm3_stm32l0.a(assert.o)
 .debug_abbrev  0x0000000000000000       0x8f ../../libopencm3/lib/libopencm3_stm32l0.a(assert.o)
 .debug_loc     0x0000000000000000       0x84 ../../libopencm3/lib/libopencm3_stm32l0.a(assert.o)
 .debug_aranges
                0x0000000000000000       0x28 ../../libopencm3/lib/libopencm3_stm32l0.a(assert.o)
 .debug_ranges  0x0000000000000000       0x18 ../../libopencm3/lib/libopencm3_stm32l0.a(assert.o)
 .debug_macro   0x0000000000000000       0x8a ../../libopencm3/lib/libopencm3_stm32l0.a(assert.o)
 .debug_macro   0x0000000000000000      0x898 ../../libopencm3/lib/libopencm3_stm32l0.a(assert.o)
 .debug_macro   0x0000000000000000       0x22 ../../libopencm3/lib/libopencm3_stm32l0.a(assert.o)
 .debug_macro   0x0000000000000000       0x87 ../../libopencm3/lib/libopencm3_stm32l0.a(assert.o)
 .debug_macro   0x0000000000000000       0x51 ../../libopencm3/lib/libopencm3_stm32l0.a(assert.o)
 .debug_macro   0x0000000000000000       0xef ../../libopencm3/lib/libopencm3_stm32l0.a(assert.o)
 .debug_macro   0x0000000000000000       0x6a ../../libopencm3/lib/libopencm3_stm32l0.a(assert.o)
 .debug_macro   0x0000000000000000      0x1df ../../libopencm3/lib/libopencm3_stm32l0.a(assert.o)
 .debug_macro   0x0000000000000000       0x22 ../../libopencm3/lib/libopencm3_stm32l0.a(assert.o)
 .debug_macro   0x0000000000000000       0xfa ../../libopencm3/lib/libopencm3_stm32l0.a(assert.o)
 .debug_macro   0x0000000000000000       0x16 ../../libopencm3/lib/libopencm3_stm32l0.a(assert.o)
 .debug_line    0x0000000000000000      0x187 ../../libopencm3/lib/libopencm3_stm32l0.a(assert.o)
 .debug_str     0x0000000000000000     0x3884 ../../libopencm3/lib/libopencm3_stm32l0.a(assert.o)
 .comment       0x0000000000000000       0x80 ../../libopencm3/lib/libopencm3_stm32l0.a(assert.o)
 .debug_frame   0x0000000000000000       0x38 ../../libopencm3/lib/libopencm3_stm32l0.a(assert.o)
 .ARM.attributes
                0x0000000000000000       0x32 ../../libopencm3/lib/libopencm3_stm32l0.a(assert.o)
 .data          0x0000000000000000        0x0 /usr/bin/../lib/gcc/arm-none-eabi/6.3.1/thumb/v6-m/libgcc.a(_thumb1_case_uqi.o)
 .bss           0x0000000000000000        0x0 /usr/bin/../lib/gcc/arm-none-eabi/6.3.1/thumb/v6-m/libgcc.a(_thumb1_case_uqi.o)
 .text          0x0000000000000000      0x114 /usr/bin/../lib/gcc/arm-none-eabi/6.3.1/thumb/v6-m/libgcc.a(_udivsi3.o)
 .data          0x0000000000000000        0x0 /usr/bin/../lib/gcc/arm-none-eabi/6.3.1/thumb/v6-m/libgcc.a(_udivsi3.o)
 .bss           0x0000000000000000        0x0 /usr/bin/../lib/gcc/arm-none-eabi/6.3.1/thumb/v6-m/libgcc.a(_udivsi3.o)
 .debug_frame   0x0000000000000000       0x20 /usr/bin/../lib/gcc/arm-none-eabi/6.3.1/thumb/v6-m/libgcc.a(_udivsi3.o)
 .ARM.attributes
                0x0000000000000000       0x1e /usr/bin/../lib/gcc/arm-none-eabi/6.3.1/thumb/v6-m/libgcc.a(_udivsi3.o)
 .data          0x0000000000000000        0x0 /usr/bin/../lib/gcc/arm-none-eabi/6.3.1/thumb/v6-m/libgcc.a(_divsi3.o)
 .bss           0x0000000000000000        0x0 /usr/bin/../lib/gcc/arm-none-eabi/6.3.1/thumb/v6-m/libgcc.a(_divsi3.o)
 .data          0x0000000000000000        0x0 /usr/bin/../lib/gcc/arm-none-eabi/6.3.1/thumb/v6-m/libgcc.a(_dvmd_tls.o)
 .bss           0x0000000000000000        0x0 /usr/bin/../lib/gcc/arm-none-eabi/6.3.1/thumb/v6-m/libgcc.a(_dvmd_tls.o)

Memory Configuration

Name             Origin             Length             Attributes
rom              0x0000000008000000 0x0000000000004000 xr
ram              0x0000000020000000 0x0000000000000800 xrw
eep              0x0000000008080000 0x0000000000000000 r
*default*        0x0000000000000000 0xffffffffffffffff

Linker script and memory map

LOAD comm.o
LOAD HAL.o
LOAD neuron.o
LOAD main.o
LOAD ../../libopencm3/lib/libopencm3_stm32l0.a
START GROUP
LOAD /usr/bin/../lib/gcc/arm-none-eabi/6.3.1/../../../../arm-none-eabi/lib/thumb/v6-m/libc.a
LOAD /usr/bin/../lib/gcc/arm-none-eabi/6.3.1/thumb/v6-m/libgcc.a
LOAD /usr/bin/../lib/gcc/arm-none-eabi/6.3.1/../../../../arm-none-eabi/lib/thumb/v6-m/libnosys.a
END GROUP
START GROUP
LOAD /usr/bin/../lib/gcc/arm-none-eabi/6.3.1/thumb/v6-m/libgcc.a
LOAD /usr/bin/../lib/gcc/arm-none-eabi/6.3.1/../../../../arm-none-eabi/lib/thumb/v6-m/libc.a
END GROUP

.text           0x0000000008000000     0x1d60
 *(.vectors)
 .vectors       0x0000000008000000       0xc0 ../../libopencm3/lib/libopencm3_stm32l0.a(vector.o)
                0x0000000008000000                vector_table
 *(.text*)
 .text.commInit
                0x00000000080000c0       0x10 comm.o
                0x00000000080000c0                commInit
 .text.addWrite
                0x00000000080000d0       0x48 comm.o
                0x00000000080000d0                addWrite
 .text.readInputs
                0x0000000008000118      0x1e0 comm.o
                0x0000000008000118                readInputs
 .text.writeDownstream
                0x00000000080002f8       0x10 comm.o
                0x00000000080002f8                writeDownstream
 .text.writeAll
                0x0000000008000308       0x58 comm.o
                0x0000000008000308                writeAll
 .text.writeNID
                0x0000000008000360       0x38 comm.o
                0x0000000008000360                writeNID
 .text.write    0x0000000008000398       0xac comm.o
                0x0000000008000398                write
 .text.clock_setup
                0x0000000008000444       0x10 HAL.o
                0x0000000008000444                clock_setup
 .text.sys_tick_handler
                0x0000000008000454       0x50 HAL.o
                0x0000000008000454                sys_tick_handler
 .text.systick_setup
                0x00000000080004a4       0x24 HAL.o
                0x00000000080004a4                systick_setup
 .text.setAsInput
                0x00000000080004c8       0x2e HAL.o
                0x00000000080004c8                setAsInput
 *fill*         0x00000000080004f6        0x2 
 .text.gpio_setup
                0x00000000080004f8      0x158 HAL.o
                0x00000000080004f8                gpio_setup
 .text.setAsOutput
                0x0000000008000650       0x1a HAL.o
                0x0000000008000650                setAsOutput
 *fill*         0x000000000800066a        0x2 
 .text.exti0_1_isr
                0x000000000800066c       0x2c HAL.o
                0x000000000800066c                exti0_1_isr
 .text.exti2_3_isr
                0x0000000008000698       0x10 HAL.o
                0x0000000008000698                exti2_3_isr
 .text.exti4_15_isr
                0x00000000080006a8       0x54 HAL.o
                0x00000000080006a8                exti4_15_isr
 .text.tim_setup
                0x00000000080006fc      0x108 HAL.o
                0x00000000080006fc                tim_setup
 .text.tim21_isr
                0x0000000008000804       0x10 HAL.o
                0x0000000008000804                tim21_isr
 .text.tim2_isr
                0x0000000008000814       0x1c HAL.o
                0x0000000008000814                tim2_isr
 .text.LEDFullWhite
                0x0000000008000830       0x2a HAL.o
                0x0000000008000830                LEDFullWhite
 *fill*         0x000000000800085a        0x2 
 .text.setLED   0x000000000800085c       0x60 HAL.o
                0x000000000800085c                setLED
 .text.setServo
                0x00000000080008bc       0x1c HAL.o
                0x00000000080008bc                setServo
 .text.neuronInit
                0x00000000080008d8       0x58 neuron.o
                0x00000000080008d8                neuronInit
 .text.dendriteSwitchOff
                0x0000000008000930       0x24 neuron.o
                0x0000000008000930                dendriteSwitchOff
 .text.checkDendrites
                0x0000000008000954      0x140 neuron.o
                0x0000000008000954                checkDendrites
 .text.dendriteDecayStep
                0x0000000008000a94       0x20 neuron.o
                0x0000000008000a94                dendriteDecayStep
 .text.membraneDecayStep
                0x0000000008000ab4       0x14 neuron.o
                0x0000000008000ab4                membraneDecayStep
 .text.calcNeuronPotential
                0x0000000008000ac8       0x3a neuron.o
                0x0000000008000ac8                calcNeuronPotential
 *fill*         0x0000000008000b02        0x2 
 .text.startup.main
                0x0000000008000b04      0x2a4 main.o
                0x0000000008000b04                main
 .text.rcc_osc_on
                0x0000000008000da8       0x54 ../../libopencm3/lib/libopencm3_stm32l0.a(rcc.o)
                0x0000000008000da8                rcc_osc_on
 .text.rcc_set_sysclk_source
                0x0000000008000dfc       0x4c ../../libopencm3/lib/libopencm3_stm32l0.a(rcc.o)
                0x0000000008000dfc                rcc_set_sysclk_source
 .text.timer_enable_irq
                0x0000000008000e48        0x8 ../../libopencm3/lib/libopencm3_stm32l0.a(timer_common_all.o)
                0x0000000008000e48                timer_enable_irq
 .text.timer_get_flag
                0x0000000008000e50        0xc ../../libopencm3/lib/libopencm3_stm32l0.a(timer_common_all.o)
                0x0000000008000e50                timer_get_flag
 .text.timer_clear_flag
                0x0000000008000e5c        0x6 ../../libopencm3/lib/libopencm3_stm32l0.a(timer_common_all.o)
                0x0000000008000e5c                timer_clear_flag
 *fill*         0x0000000008000e62        0x2 
 .text.timer_set_mode
                0x0000000008000e64       0x18 ../../libopencm3/lib/libopencm3_stm32l0.a(timer_common_all.o)
                0x0000000008000e64                timer_set_mode
 .text.timer_enable_counter
                0x0000000008000e7c        0xa ../../libopencm3/lib/libopencm3_stm32l0.a(timer_common_all.o)
                0x0000000008000e7c                timer_enable_counter
 .text.timer_set_prescaler
                0x0000000008000e86        0x4 ../../libopencm3/lib/libopencm3_stm32l0.a(timer_common_all.o)
                0x0000000008000e86                timer_set_prescaler
 .text.timer_set_period
                0x0000000008000e8a        0x4 ../../libopencm3/lib/libopencm3_stm32l0.a(timer_common_all.o)
                0x0000000008000e8a                timer_set_period
 *fill*         0x0000000008000e8e        0x2 
 .text.timer_set_oc_mode
                0x0000000008000e90      0x180 ../../libopencm3/lib/libopencm3_stm32l0.a(timer_common_all.o)
                0x0000000008000e90                timer_set_oc_mode
 .text.timer_enable_oc_output
                0x0000000008001010       0x36 ../../libopencm3/lib/libopencm3_stm32l0.a(timer_common_all.o)
                0x0000000008001010                timer_enable_oc_output
 .text.timer_set_oc_value
                0x0000000008001046       0x26 ../../libopencm3/lib/libopencm3_stm32l0.a(timer_common_all.o)
                0x0000000008001046                timer_set_oc_value
 .text.gpio_set
                0x000000000800106c        0x4 ../../libopencm3/lib/libopencm3_stm32l0.a(gpio_common_all.o)
                0x000000000800106c                gpio_set
 .text.gpio_clear
                0x0000000008001070        0x6 ../../libopencm3/lib/libopencm3_stm32l0.a(gpio_common_all.o)
                0x0000000008001070                gpio_clear
 .text.gpio_get
                0x0000000008001076        0x6 ../../libopencm3/lib/libopencm3_stm32l0.a(gpio_common_all.o)
                0x0000000008001076                gpio_get
 .text.gpio_mode_setup
                0x000000000800107c       0x3a ../../libopencm3/lib/libopencm3_stm32l0.a(gpio_common_f0234.o)
                0x000000000800107c                gpio_mode_setup
 .text.gpio_set_output_options
                0x00000000080010b6       0x3a ../../libopencm3/lib/libopencm3_stm32l0.a(gpio_common_f0234.o)
                0x00000000080010b6                gpio_set_output_options
 .text.gpio_set_af
                0x00000000080010f0       0x58 ../../libopencm3/lib/libopencm3_stm32l0.a(gpio_common_f0234.o)
                0x00000000080010f0                gpio_set_af
 .text.rcc_peripheral_enable_clock
                0x0000000008001148        0x8 ../../libopencm3/lib/libopencm3_stm32l0.a(rcc_common_all.o)
                0x0000000008001148                rcc_peripheral_enable_clock
 .text.rcc_periph_clock_enable
                0x0000000008001150       0x1c ../../libopencm3/lib/libopencm3_stm32l0.a(rcc_common_all.o)
                0x0000000008001150                rcc_periph_clock_enable
 .text.exti_set_trigger
                0x000000000800116c       0x4c ../../libopencm3/lib/libopencm3_stm32l0.a(exti_common_all.o)
                0x000000000800116c                exti_set_trigger
 .text.exti_enable_request
                0x00000000080011b8       0x1c ../../libopencm3/lib/libopencm3_stm32l0.a(exti_common_all.o)
                0x00000000080011b8                exti_enable_request
 .text.exti_disable_request
                0x00000000080011d4       0x1c ../../libopencm3/lib/libopencm3_stm32l0.a(exti_common_all.o)
                0x00000000080011d4                exti_disable_request
 .text.exti_reset_request
                0x00000000080011f0        0xc ../../libopencm3/lib/libopencm3_stm32l0.a(exti_common_all.o)
                0x00000000080011f0                exti_reset_request
 .text.exti_select_source
                0x00000000080011fc       0x70 ../../libopencm3/lib/libopencm3_stm32l0.a(exti_common_all.o)
                0x00000000080011fc                exti_select_source
 .text.blocking_handler
                0x000000000800126c        0x2 ../../libopencm3/lib/libopencm3_stm32l0.a(vector.o)
                0x000000000800126c                rtc_isr
                0x000000000800126c                blocking_handler
                0x000000000800126c                tsc_isr
                0x000000000800126c                spi1_isr
                0x000000000800126c                i2c1_isr
                0x000000000800126c                i2c2_isr
                0x000000000800126c                usart1_isr
                0x000000000800126c                reserved4_isr
                0x000000000800126c                reserved5_isr
                0x000000000800126c                lptim1_isr
                0x000000000800126c                pvd_isr
                0x000000000800126c                lpuart1_isr
                0x000000000800126c                rcc_isr
                0x000000000800126c                reserved3_isr
                0x000000000800126c                flash_isr
                0x000000000800126c                hard_fault_handler
                0x000000000800126c                spi2_isr
                0x000000000800126c                usb_isr
                0x000000000800126c                usart2_isr
                0x000000000800126c                adc_comp_isr
                0x000000000800126c                reserved2_isr
                0x000000000800126c                reserved1_isr
                0x000000000800126c                dma1_channel1_isr
                0x000000000800126c                tim6_dac_isr
                0x000000000800126c                lcd_isr
                0x000000000800126c                dma1_channel2_3_isr
                0x000000000800126c                tim22_isr
                0x000000000800126c                wwdg_isr
                0x000000000800126c                dma1_channel4_5_isr
 .text.null_handler
                0x000000000800126e        0x2 ../../libopencm3/lib/libopencm3_stm32l0.a(vector.o)
                0x000000000800126e                null_handler
                0x000000000800126e                sv_call_handler
                0x000000000800126e                pend_sv_handler
                0x000000000800126e                nmi_handler
 .text.reset_handler
                0x0000000008001270       0x8c ../../libopencm3/lib/libopencm3_stm32l0.a(vector.o)
                0x0000000008001270                reset_handler
 .text.systick_set_reload
                0x00000000080012fc       0x10 ../../libopencm3/lib/libopencm3_stm32l0.a(systick.o)
                0x00000000080012fc                systick_set_reload
 .text.systick_set_clocksource
                0x000000000800130c       0x14 ../../libopencm3/lib/libopencm3_stm32l0.a(systick.o)
                0x000000000800130c                systick_set_clocksource
 .text.systick_interrupt_enable
                0x0000000008001320       0x10 ../../libopencm3/lib/libopencm3_stm32l0.a(systick.o)
                0x0000000008001320                systick_interrupt_enable
 .text.systick_counter_enable
                0x0000000008001330       0x10 ../../libopencm3/lib/libopencm3_stm32l0.a(systick.o)
                0x0000000008001330                systick_counter_enable
 .text.nvic_enable_irq
                0x0000000008001340       0x18 ../../libopencm3/lib/libopencm3_stm32l0.a(nvic.o)
                0x0000000008001340                nvic_enable_irq
 .text.nvic_set_priority
                0x0000000008001358       0x1c ../../libopencm3/lib/libopencm3_stm32l0.a(nvic.o)
                0x0000000008001358                nvic_set_priority
 .text          0x0000000008001374       0x14 /usr/bin/../lib/gcc/arm-none-eabi/6.3.1/thumb/v6-m/libgcc.a(_thumb1_case_uqi.o)
                0x0000000008001374                __gnu_thumb1_case_uqi
 .text          0x0000000008001388      0x1d4 /usr/bin/../lib/gcc/arm-none-eabi/6.3.1/thumb/v6-m/libgcc.a(_divsi3.o)
                0x0000000008001388                __aeabi_idiv
                0x0000000008001388                __divsi3
                0x0000000008001554                __aeabi_idivmod
 .text          0x000000000800155c        0x4 /usr/bin/../lib/gcc/arm-none-eabi/6.3.1/thumb/v6-m/libgcc.a(_dvmd_tls.o)
                0x000000000800155c                __aeabi_ldiv0
                0x000000000800155c                __aeabi_idiv0
                0x0000000008001560                . = ALIGN (0x4)
 *(.rodata*)
 .rodata.gamma_lookup
                0x0000000008001560      0x800 HAL.o
                0x0000000008001d60                . = ALIGN (0x4)

.glue_7         0x0000000008001d60        0x0
 .glue_7        0x0000000008001d60        0x0 linker stubs

.glue_7t        0x0000000008001d60        0x0
 .glue_7t       0x0000000008001d60        0x0 linker stubs

.vfp11_veneer   0x0000000008001d60        0x0
 .vfp11_veneer  0x0000000008001d60        0x0 linker stubs

.v4_bx          0x0000000008001d60        0x0
 .v4_bx         0x0000000008001d60        0x0 linker stubs

.iplt           0x0000000008001d60        0x0
 .iplt          0x0000000008001d60        0x0 comm.o

.rel.dyn        0x0000000008001d60        0x0
 .rel.iplt      0x0000000008001d60        0x0 comm.o

.preinit_array  0x0000000008001d60        0x0
                0x0000000008001d60                . = ALIGN (0x4)
                0x0000000008001d60                __preinit_array_start = .
 *(.preinit_array)
                0x0000000008001d60                __preinit_array_end = .

.init_array     0x0000000008001d60        0x0
                0x0000000008001d60                . = ALIGN (0x4)
                0x0000000008001d60                __init_array_start = .
 *(SORT(.init_array.*))
 *(.init_array)
                0x0000000008001d60                __init_array_end = .

.fini_array     0x0000000008001d60        0x0
                0x0000000008001d60                . = ALIGN (0x4)
                0x0000000008001d60                __fini_array_start = .
 *(.fini_array)
 *(SORT(.fini_array.*))
                0x0000000008001d60                __fini_array_end = .

.ARM.extab
 *(.ARM.extab*)

.ARM.exidx      0x0000000008001d60        0x0
                0x0000000008001d60                __exidx_start = .
 *(.ARM.exidx*)
                0x0000000008001d60                __exidx_end = .
                0x0000000008001d60                . = ALIGN (0x4)
                0x0000000008001d60                _etext = .

.data           0x0000000020000000       0x4c load address 0x0000000008001d60
                0x0000000020000000                _data = .
 *(.data*)
 .data.active_input_ports
                0x0000000020000000       0x18 comm.o
                0x0000000020000000                active_input_ports
 .data.active_output_ports
                0x0000000020000018       0x18 comm.o
                0x0000000020000018                active_output_ports
 .data.complimentary_pins
                0x0000000020000030        0xc comm.o
                0x0000000020000030                complimentary_pins
 .data.nid_keep_alive
                0x000000002000003c        0x4 comm.o
                0x000000002000003c                nid_keep_alive
 .data.input_pins
                0x0000000020000040        0xc neuron.o
                0x0000000020000040                input_pins
                0x000000002000004c                . = ALIGN (0x4)
                0x000000002000004c                _edata = .
                0x0000000008001d60                _data_loadaddr = LOADADDR (.data)

.igot.plt       0x000000002000004c        0x0 load address 0x0000000008001dac
 .igot.plt      0x000000002000004c        0x0 comm.o

.bss            0x000000002000004c       0xa0 load address 0x0000000008001dac
 *(.bss*)
 .bss.active_input_pins
                0x000000002000004c        0xc comm.o
                0x000000002000004c                active_input_pins
 .bss.active_output_pins
                0x0000000020000058        0xc comm.o
                0x0000000020000058                active_output_pins
 .bss.blink_flag
                0x0000000020000064        0x1 comm.o
                0x0000000020000064                blink_flag
 .bss.dendrite_ping_flag
                0x0000000020000065        0x6 comm.o
                0x0000000020000065                dendrite_ping_flag
 .bss.dendrite_pulse_flag
                0x000000002000006b        0x6 comm.o
                0x000000002000006b                dendrite_pulse_flag
 .bss.identify_channel
                0x0000000020000071        0x1 comm.o
                0x0000000020000071                identify_channel
 .bss.identify_time
                0x0000000020000072        0x2 comm.o
                0x0000000020000072                identify_time
 .bss.message_buffer
                0x0000000020000074       0x18 comm.o
                0x0000000020000074                message_buffer
 .bss.message_buffer_count
                0x000000002000008c        0x6 comm.o
                0x000000002000008c                message_buffer_count
 .bss.nid_pin   0x0000000020000092        0x2 comm.o
                0x0000000020000092                nid_pin
 .bss.nid_pin_out
                0x0000000020000094        0x2 comm.o
                0x0000000020000094                nid_pin_out
 *fill*         0x0000000020000096        0x2 
 .bss.nid_ping_time
                0x0000000020000098        0x4 comm.o
                0x0000000020000098                nid_ping_time
 .bss.nid_port  0x000000002000009c        0x4 comm.o
                0x000000002000009c                nid_port
 .bss.nid_port_out
                0x00000000200000a0        0x4 comm.o
                0x00000000200000a0                nid_port_out
 .bss.write_buffer
                0x00000000200000a4       0x44 comm.o
                0x00000000200000a4                write_buffer
 .bss.main_tick
                0x00000000200000e8        0x1 HAL.o
                0x00000000200000e8                main_tick
 .bss.read_tick
                0x00000000200000e9        0x1 HAL.o
                0x00000000200000e9                read_tick
 .bss.tick      0x00000000200000ea        0x1 HAL.o
                0x00000000200000ea                tick
 *(COMMON)
                0x00000000200000ec                . = ALIGN (0x4)
 *fill*         0x00000000200000eb        0x1 
                0x00000000200000ec                _ebss = .

/DISCARD/
 *(.eh_frame)
                0x00000000200000ec                . = ALIGN (0x4)
                0x00000000200000ec                end = .
                0x0000000020000800                PROVIDE (_stack, (ORIGIN (ram) + LENGTH (ram)))
OUTPUT(main.elf elf32-littlearm)

.debug_info     0x0000000000000000     0x4f1f
 .debug_info    0x0000000000000000      0x7ea comm.o
 .debug_info    0x00000000000007ea     0x118c HAL.o
 .debug_info    0x0000000000001976      0x68d neuron.o
 .debug_info    0x0000000000002003      0x7f4 main.o
 .debug_info    0x00000000000027f7      0x400 ../../libopencm3/lib/libopencm3_stm32l0.a(rcc.o)
 .debug_info    0x0000000000002bf7     0x10ea ../../libopencm3/lib/libopencm3_stm32l0.a(timer_common_all.o)
 .debug_info    0x0000000000003ce1      0x22c ../../libopencm3/lib/libopencm3_stm32l0.a(gpio_common_all.o)
 .debug_info    0x0000000000003f0d      0x1f7 ../../libopencm3/lib/libopencm3_stm32l0.a(gpio_common_f0234.o)
 .debug_info    0x0000000000004104      0x5ad ../../libopencm3/lib/libopencm3_stm32l0.a(rcc_common_all.o)
 .debug_info    0x00000000000046b1      0x206 ../../libopencm3/lib/libopencm3_stm32l0.a(exti_common_all.o)
 .debug_info    0x00000000000048b7      0x2a7 ../../libopencm3/lib/libopencm3_stm32l0.a(vector.o)
 .debug_info    0x0000000000004b5e      0x211 ../../libopencm3/lib/libopencm3_stm32l0.a(systick.o)
 .debug_info    0x0000000000004d6f      0x1b0 ../../libopencm3/lib/libopencm3_stm32l0.a(nvic.o)

.debug_abbrev   0x0000000000000000     0x1190
 .debug_abbrev  0x0000000000000000      0x23e comm.o
 .debug_abbrev  0x000000000000023e      0x1d4 HAL.o
 .debug_abbrev  0x0000000000000412      0x1f8 neuron.o
 .debug_abbrev  0x000000000000060a      0x166 main.o
 .debug_abbrev  0x0000000000000770      0x1a0 ../../libopencm3/lib/libopencm3_stm32l0.a(rcc.o)
 .debug_abbrev  0x0000000000000910      0x1c9 ../../libopencm3/lib/libopencm3_stm32l0.a(timer_common_all.o)
 .debug_abbrev  0x0000000000000ad9       0xf4 ../../libopencm3/lib/libopencm3_stm32l0.a(gpio_common_all.o)
 .debug_abbrev  0x0000000000000bcd       0xb7 ../../libopencm3/lib/libopencm3_stm32l0.a(gpio_common_f0234.o)
 .debug_abbrev  0x0000000000000c84      0x11f ../../libopencm3/lib/libopencm3_stm32l0.a(rcc_common_all.o)
 .debug_abbrev  0x0000000000000da3       0xe5 ../../libopencm3/lib/libopencm3_stm32l0.a(exti_common_all.o)
 .debug_abbrev  0x0000000000000e88      0x12b ../../libopencm3/lib/libopencm3_stm32l0.a(vector.o)
 .debug_abbrev  0x0000000000000fb3      0x137 ../../libopencm3/lib/libopencm3_stm32l0.a(systick.o)
 .debug_abbrev  0x00000000000010ea       0xa6 ../../libopencm3/lib/libopencm3_stm32l0.a(nvic.o)

.debug_loc      0x0000000000000000     0x238b
 .debug_loc     0x0000000000000000      0x4df comm.o
 .debug_loc     0x00000000000004df      0x1cc HAL.o
 .debug_loc     0x00000000000006ab      0x1d9 neuron.o
 .debug_loc     0x0000000000000884      0x1c9 main.o
 .debug_loc     0x0000000000000a4d      0x2e7 ../../libopencm3/lib/libopencm3_stm32l0.a(rcc.o)
 .debug_loc     0x0000000000000d34      0xebe ../../libopencm3/lib/libopencm3_stm32l0.a(timer_common_all.o)
 .debug_loc     0x0000000000001bf2       0x97 ../../libopencm3/lib/libopencm3_stm32l0.a(gpio_common_all.o)
 .debug_loc     0x0000000000001c89      0x186 ../../libopencm3/lib/libopencm3_stm32l0.a(gpio_common_f0234.o)
 .debug_loc     0x0000000000001e0f       0xe7 ../../libopencm3/lib/libopencm3_stm32l0.a(rcc_common_all.o)
 .debug_loc     0x0000000000001ef6      0x1ec ../../libopencm3/lib/libopencm3_stm32l0.a(exti_common_all.o)
 .debug_loc     0x00000000000020e2       0xf2 ../../libopencm3/lib/libopencm3_stm32l0.a(vector.o)
 .debug_loc     0x00000000000021d4       0xc5 ../../libopencm3/lib/libopencm3_stm32l0.a(systick.o)
 .debug_loc     0x0000000000002299       0xf2 ../../libopencm3/lib/libopencm3_stm32l0.a(nvic.o)

.debug_aranges  0x0000000000000000      0x5e8
 .debug_aranges
                0x0000000000000000       0x50 comm.o
 .debug_aranges
                0x0000000000000050       0x90 HAL.o
 .debug_aranges
                0x00000000000000e0       0x50 neuron.o
 .debug_aranges
                0x0000000000000130       0x20 main.o
 .debug_aranges
                0x0000000000000150       0xa8 ../../libopencm3/lib/libopencm3_stm32l0.a(rcc.o)
 .debug_aranges
                0x00000000000001f8      0x1d8 ../../libopencm3/lib/libopencm3_stm32l0.a(timer_common_all.o)
 .debug_aranges
                0x00000000000003d0       0x50 ../../libopencm3/lib/libopencm3_stm32l0.a(gpio_common_all.o)
 .debug_aranges
                0x0000000000000420       0x30 ../../libopencm3/lib/libopencm3_stm32l0.a(gpio_common_f0234.o)
 .debug_aranges
                0x0000000000000450       0x58 ../../libopencm3/lib/libopencm3_stm32l0.a(rcc_common_all.o)
 .debug_aranges
                0x00000000000004a8       0x48 ../../libopencm3/lib/libopencm3_stm32l0.a(exti_common_all.o)
 .debug_aranges
                0x00000000000004f0       0x30 ../../libopencm3/lib/libopencm3_stm32l0.a(vector.o)
 .debug_aranges
                0x0000000000000520       0x78 ../../libopencm3/lib/libopencm3_stm32l0.a(systick.o)
 .debug_aranges
                0x0000000000000598       0x50 ../../libopencm3/lib/libopencm3_stm32l0.a(nvic.o)

.debug_ranges   0x0000000000000000      0x550
 .debug_ranges  0x0000000000000000       0x40 comm.o
 .debug_ranges  0x0000000000000040       0x80 HAL.o
 .debug_ranges  0x00000000000000c0       0x40 neuron.o
 .debug_ranges  0x0000000000000100       0x10 main.o
 .debug_ranges  0x0000000000000110       0x98 ../../libopencm3/lib/libopencm3_stm32l0.a(rcc.o)
 .debug_ranges  0x00000000000001a8      0x1c8 ../../libopencm3/lib/libopencm3_stm32l0.a(timer_common_all.o)
 .debug_ranges  0x0000000000000370       0x40 ../../libopencm3/lib/libopencm3_stm32l0.a(gpio_common_all.o)
 .debug_ranges  0x00000000000003b0       0x20 ../../libopencm3/lib/libopencm3_stm32l0.a(gpio_common_f0234.o)
 .debug_ranges  0x00000000000003d0       0x48 ../../libopencm3/lib/libopencm3_stm32l0.a(rcc_common_all.o)
 .debug_ranges  0x0000000000000418       0x58 ../../libopencm3/lib/libopencm3_stm32l0.a(exti_common_all.o)
 .debug_ranges  0x0000000000000470       0x20 ../../libopencm3/lib/libopencm3_stm32l0.a(vector.o)
 .debug_ranges  0x0000000000000490       0x80 ../../libopencm3/lib/libopencm3_stm32l0.a(systick.o)
 .debug_ranges  0x0000000000000510       0x40 ../../libopencm3/lib/libopencm3_stm32l0.a(nvic.o)

.debug_line     0x0000000000000000     0x2910
 .debug_line    0x0000000000000000      0x27e comm.o
 .debug_line    0x000000000000027e      0x33f HAL.o
 .debug_line    0x00000000000005bd      0x221 neuron.o
 .debug_line    0x00000000000007de      0x1b6 main.o
 .debug_line    0x0000000000000994      0x41e ../../libopencm3/lib/libopencm3_stm32l0.a(rcc.o)
 .debug_line    0x0000000000000db2      0x7ec ../../libopencm3/lib/libopencm3_stm32l0.a(timer_common_all.o)
 .debug_line    0x000000000000159e      0x2e5 ../../libopencm3/lib/libopencm3_stm32l0.a(gpio_common_all.o)
 .debug_line    0x0000000000001883      0x2dd ../../libopencm3/lib/libopencm3_stm32l0.a(gpio_common_f0234.o)
 .debug_line    0x0000000000001b60      0x2c7 ../../libopencm3/lib/libopencm3_stm32l0.a(rcc_common_all.o)
 .debug_line    0x0000000000001e27      0x350 ../../libopencm3/lib/libopencm3_stm32l0.a(exti_common_all.o)
 .debug_line    0x0000000000002177      0x2bd ../../libopencm3/lib/libopencm3_stm32l0.a(vector.o)
 .debug_line    0x0000000000002434      0x277 ../../libopencm3/lib/libopencm3_stm32l0.a(systick.o)
 .debug_line    0x00000000000026ab      0x265 ../../libopencm3/lib/libopencm3_stm32l0.a(nvic.o)

.debug_str      0x0000000000000000    0x118d9
 .debug_str     0x0000000000000000      0x516 comm.o
                                        0x5e4 (size before relaxing)
 .debug_str     0x0000000000000516      0x71d HAL.o
                                        0xafe (size before relaxing)
 .debug_str     0x0000000000000c33      0x20e neuron.o
                                        0x607 (size before relaxing)
 .debug_str     0x0000000000000e41       0x8e main.o
                                        0x6d5 (size before relaxing)
 .debug_str     0x0000000000000ecf     0x6748 ../../libopencm3/lib/libopencm3_stm32l0.a(rcc.o)
                                       0x695f (size before relaxing)
 .debug_str     0x0000000000007617     0x6146 ../../libopencm3/lib/libopencm3_stm32l0.a(timer_common_all.o)
                                       0xc9da (size before relaxing)
 .debug_str     0x000000000000d75d     0x14ec ../../libopencm3/lib/libopencm3_stm32l0.a(gpio_common_all.o)
                                       0x560a (size before relaxing)
 .debug_str     0x000000000000ec49       0x61 ../../libopencm3/lib/libopencm3_stm32l0.a(gpio_common_f0234.o)
                                       0x562c (size before relaxing)
 .debug_str     0x000000000000ecaa      0x11f ../../libopencm3/lib/libopencm3_stm32l0.a(rcc_common_all.o)
                                       0x6c82 (size before relaxing)
 .debug_str     0x000000000000edc9      0xba3 ../../libopencm3/lib/libopencm3_stm32l0.a(exti_common_all.o)
                                       0x61cd (size before relaxing)
 .debug_str     0x000000000000f96c     0x12e9 ../../libopencm3/lib/libopencm3_stm32l0.a(vector.o)
                                       0x4b52 (size before relaxing)
 .debug_str     0x0000000000010c55      0x2eb ../../libopencm3/lib/libopencm3_stm32l0.a(systick.o)
                                       0x3bbf (size before relaxing)
 .debug_str     0x0000000000010f40      0x999 ../../libopencm3/lib/libopencm3_stm32l0.a(nvic.o)
                                       0x465f (size before relaxing)

.comment        0x0000000000000000       0xfe
 .comment       0x0000000000000000       0x7f comm.o
                                         0x80 (size before relaxing)
 .comment       0x000000000000007f       0x80 HAL.o
 .comment       0x000000000000007f       0x80 neuron.o
 .comment       0x000000000000007f       0x80 main.o
 .comment       0x000000000000007f       0x7f ../../libopencm3/lib/libopencm3_stm32l0.a(rcc.o)
                                         0x80 (size before relaxing)
 .comment       0x00000000000000fe       0x80 ../../libopencm3/lib/libopencm3_stm32l0.a(timer_common_all.o)
 .comment       0x00000000000000fe       0x80 ../../libopencm3/lib/libopencm3_stm32l0.a(gpio_common_all.o)
 .comment       0x00000000000000fe       0x80 ../../libopencm3/lib/libopencm3_stm32l0.a(gpio_common_f0234.o)
 .comment       0x00000000000000fe       0x80 ../../libopencm3/lib/libopencm3_stm32l0.a(rcc_common_all.o)
 .comment       0x00000000000000fe       0x80 ../../libopencm3/lib/libopencm3_stm32l0.a(exti_common_all.o)
 .comment       0x00000000000000fe       0x80 ../../libopencm3/lib/libopencm3_stm32l0.a(vector.o)
 .comment       0x00000000000000fe       0x80 ../../libopencm3/lib/libopencm3_stm32l0.a(systick.o)
 .comment       0x00000000000000fe       0x80 ../../libopencm3/lib/libopencm3_stm32l0.a(nvic.o)

.ARM.attributes
                0x0000000000000000       0x32
 .ARM.attributes
                0x0000000000000000       0x32 comm.o
 .ARM.attributes
                0x0000000000000032       0x32 HAL.o
 .ARM.attributes
                0x0000000000000064       0x32 neuron.o
 .ARM.attributes
                0x0000000000000096       0x32 main.o
 .ARM.attributes
                0x00000000000000c8       0x32 ../../libopencm3/lib/libopencm3_stm32l0.a(rcc.o)
 .ARM.attributes
                0x00000000000000fa       0x32 ../../libopencm3/lib/libopencm3_stm32l0.a(timer_common_all.o)
 .ARM.attributes
                0x000000000000012c       0x32 ../../libopencm3/lib/libopencm3_stm32l0.a(gpio_common_all.o)
 .ARM.attributes
                0x000000000000015e       0x32 ../../libopencm3/lib/libopencm3_stm32l0.a(gpio_common_f0234.o)
 .ARM.attributes
                0x0000000000000190       0x32 ../../libopencm3/lib/libopencm3_stm32l0.a(rcc_common_all.o)
 .ARM.attributes
                0x00000000000001c2       0x32 ../../libopencm3/lib/libopencm3_stm32l0.a(exti_common_all.o)
 .ARM.attributes
                0x00000000000001f4       0x32 ../../libopencm3/lib/libopencm3_stm32l0.a(vector.o)
 .ARM.attributes
                0x0000000000000226       0x32 ../../libopencm3/lib/libopencm3_stm32l0.a(systick.o)
 .ARM.attributes
                0x0000000000000258       0x32 ../../libopencm3/lib/libopencm3_stm32l0.a(nvic.o)
 .ARM.attributes
                0x000000000000028a       0x1e /usr/bin/../lib/gcc/arm-none-eabi/6.3.1/thumb/v6-m/libgcc.a(_thumb1_case_uqi.o)
 .ARM.attributes
                0x00000000000002a8       0x1e /usr/bin/../lib/gcc/arm-none-eabi/6.3.1/thumb/v6-m/libgcc.a(_divsi3.o)
 .ARM.attributes
                0x00000000000002c6       0x1e /usr/bin/../lib/gcc/arm-none-eabi/6.3.1/thumb/v6-m/libgcc.a(_dvmd_tls.o)

.debug_frame    0x0000000000000000      0xdc4
 .debug_frame   0x0000000000000000       0xbc comm.o
 .debug_frame   0x00000000000000bc      0x16c HAL.o
 .debug_frame   0x0000000000000228       0xac neuron.o
 .debug_frame   0x00000000000002d4       0x34 main.o
 .debug_frame   0x0000000000000308      0x178 ../../libopencm3/lib/libopencm3_stm32l0.a(rcc.o)
 .debug_frame   0x0000000000000480      0x560 ../../libopencm3/lib/libopencm3_stm32l0.a(timer_common_all.o)
 .debug_frame   0x00000000000009e0       0x80 ../../libopencm3/lib/libopencm3_stm32l0.a(gpio_common_all.o)
 .debug_frame   0x0000000000000a60       0x78 ../../libopencm3/lib/libopencm3_stm32l0.a(gpio_common_f0234.o)
 .debug_frame   0x0000000000000ad8       0xb0 ../../libopencm3/lib/libopencm3_stm32l0.a(rcc_common_all.o)
 .debug_frame   0x0000000000000b88       0x84 ../../libopencm3/lib/libopencm3_stm32l0.a(exti_common_all.o)
 .debug_frame   0x0000000000000c0c       0x40 ../../libopencm3/lib/libopencm3_stm32l0.a(vector.o)
 .debug_frame   0x0000000000000c4c       0xd8 ../../libopencm3/lib/libopencm3_stm32l0.a(systick.o)
 .debug_frame   0x0000000000000d24       0x80 ../../libopencm3/lib/libopencm3_stm32l0.a(nvic.o)
 .debug_frame   0x0000000000000da4       0x20 /usr/bin/../lib/gcc/arm-none-eabi/6.3.1/thumb/v6-m/libgcc.a(_divsi3.o)

.debug_macro    0x0000000000000000     0x3ed2
 .debug_macro   0x0000000000000000       0xc4 ../../libopencm3/lib/libopencm3_stm32l0.a(rcc.o)
 .debug_macro   0x00000000000000c4      0x898 ../../libopencm3/lib/libopencm3_stm32l0.a(rcc.o)
 .debug_macro   0x000000000000095c       0x22 ../../libopencm3/lib/libopencm3_stm32l0.a(rcc.o)
 .debug_macro   0x000000000000097e       0x87 ../../libopencm3/lib/libopencm3_stm32l0.a(rcc.o)
 .debug_macro   0x0000000000000a05       0x51 ../../libopencm3/lib/libopencm3_stm32l0.a(rcc.o)
 .debug_macro   0x0000000000000a56       0xef ../../libopencm3/lib/libopencm3_stm32l0.a(rcc.o)
 .debug_macro   0x0000000000000b45       0x6a ../../libopencm3/lib/libopencm3_stm32l0.a(rcc.o)
 .debug_macro   0x0000000000000baf      0x1df ../../libopencm3/lib/libopencm3_stm32l0.a(rcc.o)
 .debug_macro   0x0000000000000d8e       0x22 ../../libopencm3/lib/libopencm3_stm32l0.a(rcc.o)
 .debug_macro   0x0000000000000db0       0xfa ../../libopencm3/lib/libopencm3_stm32l0.a(rcc.o)
 .debug_macro   0x0000000000000eaa       0x16 ../../libopencm3/lib/libopencm3_stm32l0.a(rcc.o)
 .debug_macro   0x0000000000000ec0       0x34 ../../libopencm3/lib/libopencm3_stm32l0.a(rcc.o)
 .debug_macro   0x0000000000000ef4      0x148 ../../libopencm3/lib/libopencm3_stm32l0.a(rcc.o)
 .debug_macro   0x000000000000103c      0x922 ../../libopencm3/lib/libopencm3_stm32l0.a(rcc.o)
 .debug_macro   0x000000000000195e       0xdd ../../libopencm3/lib/libopencm3_stm32l0.a(timer_common_all.o)
 .debug_macro   0x0000000000001a3b      0xf4d ../../libopencm3/lib/libopencm3_stm32l0.a(timer_common_all.o)
 .debug_macro   0x0000000000002988      0x37a ../../libopencm3/lib/libopencm3_stm32l0.a(timer_common_all.o)
 .debug_macro   0x0000000000002d02       0xd7 ../../libopencm3/lib/libopencm3_stm32l0.a(gpio_common_all.o)
 .debug_macro   0x0000000000002dd9       0x76 ../../libopencm3/lib/libopencm3_stm32l0.a(gpio_common_all.o)
 .debug_macro   0x0000000000002e4f      0x2e6 ../../libopencm3/lib/libopencm3_stm32l0.a(gpio_common_all.o)
 .debug_macro   0x0000000000003135      0x14e ../../libopencm3/lib/libopencm3_stm32l0.a(gpio_common_all.o)
 .debug_macro   0x0000000000003283       0x3a ../../libopencm3/lib/libopencm3_stm32l0.a(gpio_common_all.o)
 .debug_macro   0x00000000000032bd       0xd7 ../../libopencm3/lib/libopencm3_stm32l0.a(gpio_common_f0234.o)
 .debug_macro   0x0000000000003394       0xcf ../../libopencm3/lib/libopencm3_stm32l0.a(rcc_common_all.o)
 .debug_macro   0x0000000000003463       0xfb ../../libopencm3/lib/libopencm3_stm32l0.a(exti_common_all.o)
 .debug_macro   0x000000000000355e      0x112 ../../libopencm3/lib/libopencm3_stm32l0.a(exti_common_all.o)
 .debug_macro   0x0000000000003670      0x136 ../../libopencm3/lib/libopencm3_stm32l0.a(exti_common_all.o)
 .debug_macro   0x00000000000037a6       0xd0 ../../libopencm3/lib/libopencm3_stm32l0.a(vector.o)
 .debug_macro   0x0000000000003876      0x1b1 ../../libopencm3/lib/libopencm3_stm32l0.a(vector.o)
 .debug_macro   0x0000000000003a27       0x46 ../../libopencm3/lib/libopencm3_stm32l0.a(vector.o)
 .debug_macro   0x0000000000003a6d       0xca ../../libopencm3/lib/libopencm3_stm32l0.a(vector.o)
 .debug_macro   0x0000000000003b37       0x93 ../../libopencm3/lib/libopencm3_stm32l0.a(systick.o)
 .debug_macro   0x0000000000003bca       0x64 ../../libopencm3/lib/libopencm3_stm32l0.a(systick.o)
 .debug_macro   0x0000000000003c2e       0xb4 ../../libopencm3/lib/libopencm3_stm32l0.a(nvic.o)
 .debug_macro   0x0000000000003ce2       0x40 ../../libopencm3/lib/libopencm3_stm32l0.a(nvic.o)
 .debug_macro   0x0000000000003d22      0x1b0 ../../libopencm3/lib/libopencm3_stm32l0.a(nvic.o)
