Archive member included to satisfy reference by file (symbol)

../libopencm3/lib/libopencm3_stm32l0.a(rcc.o)
                              HAL.o (rcc_osc_on)
../libopencm3/lib/libopencm3_stm32l0.a(timer_common_all.o)
                              HAL.o (timer_enable_irq)
../libopencm3/lib/libopencm3_stm32l0.a(gpio_common_all.o)
                              comm.o (gpio_set)
../libopencm3/lib/libopencm3_stm32l0.a(gpio_common_f0234.o)
                              HAL.o (gpio_mode_setup)
../libopencm3/lib/libopencm3_stm32l0.a(rcc_common_all.o)
                              HAL.o (rcc_peripheral_enable_clock)
../libopencm3/lib/libopencm3_stm32l0.a(exti_common_all.o)
                              HAL.o (exti_set_trigger)
../libopencm3/lib/libopencm3_stm32l0.a(vector.o)
                              (reset_handler)
../libopencm3/lib/libopencm3_stm32l0.a(systick.o)
                              HAL.o (systick_set_reload)
../libopencm3/lib/libopencm3_stm32l0.a(nvic.o)
                              HAL.o (nvic_enable_irq)
../libopencm3/lib/libopencm3_stm32l0.a(assert.o)
                              ../libopencm3/lib/libopencm3_stm32l0.a(rcc.o) (cm3_assert_failed)
/usr/lib/gcc/arm-none-eabi/4.9.3/armv6-m/libgcc.a(_thumb1_case_sqi.o)
                              ../libopencm3/lib/libopencm3_stm32l0.a(timer_common_all.o) (__gnu_thumb1_case_sqi)
/usr/lib/gcc/arm-none-eabi/4.9.3/armv6-m/libgcc.a(_thumb1_case_uqi.o)
                              ../libopencm3/lib/libopencm3_stm32l0.a(rcc.o) (__gnu_thumb1_case_uqi)
/usr/lib/gcc/arm-none-eabi/4.9.3/armv6-m/libgcc.a(_udivsi3.o)
                              ../libopencm3/lib/libopencm3_stm32l0.a(systick.o) (__aeabi_uidiv)
/usr/lib/gcc/arm-none-eabi/4.9.3/armv6-m/libgcc.a(_divsi3.o)
                              main.o (__aeabi_idiv)
/usr/lib/gcc/arm-none-eabi/4.9.3/armv6-m/libgcc.a(_dvmd_tls.o)
                              /usr/lib/gcc/arm-none-eabi/4.9.3/armv6-m/libgcc.a(_udivsi3.o) (__aeabi_idiv0)

Discarded input sections

 .text          0x0000000000000000        0x0 comm.o
 .data          0x0000000000000000        0x0 comm.o
 .bss           0x0000000000000000        0x0 comm.o
 .bss.all_write_buffer_ready
                0x0000000000000000        0x1 comm.o
 .bss.downstream_write_buffer_ready
                0x0000000000000000        0x1 comm.o
 .bss.downstream_write_buffer
                0x0000000000000000        0x4 comm.o
 .bss.all_write_buffer
                0x0000000000000000        0x4 comm.o
 .bss.write_count
                0x0000000000000000        0x1 comm.o
 .data.nid_i    0x0000000000000000        0x1 comm.o
 .bss.nid_write_buffer_ready
                0x0000000000000000        0x1 comm.o
 .bss.nid_write_buffer
                0x0000000000000000        0x4 comm.o
 .bss.dendrite_pulse_count
                0x0000000000000000        0x1 comm.o
 .bss.dendrite_pulses
                0x0000000000000000        0xc comm.o
 .text          0x0000000000000000        0x0 HAL.o
 .data          0x0000000000000000        0x0 HAL.o
 .bss           0x0000000000000000        0x0 HAL.o
 .bss.toggle    0x0000000000000000        0x1 HAL.o
 .text          0x0000000000000000        0x0 neuron.o
 .data          0x0000000000000000        0x0 neuron.o
 .bss           0x0000000000000000        0x0 neuron.o
 .text.incrementHebbTime
                0x0000000000000000       0x54 neuron.o
 .text          0x0000000000000000        0x0 main.o
 .data          0x0000000000000000        0x0 main.o
 .bss           0x0000000000000000        0x0 main.o
 .group         0x0000000000000000        0x8 ../libopencm3/lib/libopencm3_stm32l0.a(rcc.o)
 .group         0x0000000000000000        0x8 ../libopencm3/lib/libopencm3_stm32l0.a(rcc.o)
 .group         0x0000000000000000        0x8 ../libopencm3/lib/libopencm3_stm32l0.a(rcc.o)
 .group         0x0000000000000000        0x8 ../libopencm3/lib/libopencm3_stm32l0.a(rcc.o)
 .group         0x0000000000000000        0x8 ../libopencm3/lib/libopencm3_stm32l0.a(rcc.o)
 .group         0x0000000000000000        0x8 ../libopencm3/lib/libopencm3_stm32l0.a(rcc.o)
 .group         0x0000000000000000        0x8 ../libopencm3/lib/libopencm3_stm32l0.a(rcc.o)
 .group         0x0000000000000000        0x8 ../libopencm3/lib/libopencm3_stm32l0.a(rcc.o)
 .group         0x0000000000000000        0x8 ../libopencm3/lib/libopencm3_stm32l0.a(rcc.o)
 .group         0x0000000000000000        0x8 ../libopencm3/lib/libopencm3_stm32l0.a(rcc.o)
 .group         0x0000000000000000        0x8 ../libopencm3/lib/libopencm3_stm32l0.a(rcc.o)
 .group         0x0000000000000000        0x8 ../libopencm3/lib/libopencm3_stm32l0.a(rcc.o)
 .text          0x0000000000000000        0x0 ../libopencm3/lib/libopencm3_stm32l0.a(rcc.o)
 .data          0x0000000000000000        0x0 ../libopencm3/lib/libopencm3_stm32l0.a(rcc.o)
 .bss           0x0000000000000000        0x0 ../libopencm3/lib/libopencm3_stm32l0.a(rcc.o)
 .text.rcc_osc_off
                0x0000000000000000       0x5c ../libopencm3/lib/libopencm3_stm32l0.a(rcc.o)
 .text.rcc_osc_bypass_enable
                0x0000000000000000       0x28 ../libopencm3/lib/libopencm3_stm32l0.a(rcc.o)
 .text.rcc_osc_bypass_disable
                0x0000000000000000       0x2c ../libopencm3/lib/libopencm3_stm32l0.a(rcc.o)
 .text.rcc_osc_ready_int_clear
                0x0000000000000000       0x3c ../libopencm3/lib/libopencm3_stm32l0.a(rcc.o)
 .text.rcc_osc_ready_int_enable
                0x0000000000000000       0x3c ../libopencm3/lib/libopencm3_stm32l0.a(rcc.o)
 .text.rcc_osc_ready_int_disable
                0x0000000000000000       0x3c ../libopencm3/lib/libopencm3_stm32l0.a(rcc.o)
 .text.rcc_osc_ready_int_flag
                0x0000000000000000       0x48 ../libopencm3/lib/libopencm3_stm32l0.a(rcc.o)
 .text.rcc_is_osc_ready
                0x0000000000000000       0x58 ../libopencm3/lib/libopencm3_stm32l0.a(rcc.o)
 .text.rcc_wait_for_osc_ready
                0x0000000000000000       0x10 ../libopencm3/lib/libopencm3_stm32l0.a(rcc.o)
 .text.rcc_set_hsi48_source_rc48
                0x0000000000000000       0x14 ../libopencm3/lib/libopencm3_stm32l0.a(rcc.o)
 .text.rcc_set_hsi48_source_pll
                0x0000000000000000       0x14 ../libopencm3/lib/libopencm3_stm32l0.a(rcc.o)
 .text.rcc_set_pll_multiplier
                0x0000000000000000       0x18 ../libopencm3/lib/libopencm3_stm32l0.a(rcc.o)
 .text.rcc_set_pll_divider
                0x0000000000000000       0x18 ../libopencm3/lib/libopencm3_stm32l0.a(rcc.o)
 .text.rcc_set_ppre1
                0x0000000000000000       0x18 ../libopencm3/lib/libopencm3_stm32l0.a(rcc.o)
 .text.rcc_set_ppre2
                0x0000000000000000       0x18 ../libopencm3/lib/libopencm3_stm32l0.a(rcc.o)
 .text.rcc_set_hpre
                0x0000000000000000       0x14 ../libopencm3/lib/libopencm3_stm32l0.a(rcc.o)
 .group         0x0000000000000000        0x8 ../libopencm3/lib/libopencm3_stm32l0.a(timer_common_all.o)
 .group         0x0000000000000000        0x8 ../libopencm3/lib/libopencm3_stm32l0.a(timer_common_all.o)
 .group         0x0000000000000000        0x8 ../libopencm3/lib/libopencm3_stm32l0.a(timer_common_all.o)
 .group         0x0000000000000000        0x8 ../libopencm3/lib/libopencm3_stm32l0.a(timer_common_all.o)
 .group         0x0000000000000000        0x8 ../libopencm3/lib/libopencm3_stm32l0.a(timer_common_all.o)
 .group         0x0000000000000000        0x8 ../libopencm3/lib/libopencm3_stm32l0.a(timer_common_all.o)
 .group         0x0000000000000000        0x8 ../libopencm3/lib/libopencm3_stm32l0.a(timer_common_all.o)
 .group         0x0000000000000000        0x8 ../libopencm3/lib/libopencm3_stm32l0.a(timer_common_all.o)
 .group         0x0000000000000000        0x8 ../libopencm3/lib/libopencm3_stm32l0.a(timer_common_all.o)
 .group         0x0000000000000000        0x8 ../libopencm3/lib/libopencm3_stm32l0.a(timer_common_all.o)
 .group         0x0000000000000000        0x8 ../libopencm3/lib/libopencm3_stm32l0.a(timer_common_all.o)
 .group         0x0000000000000000        0x8 ../libopencm3/lib/libopencm3_stm32l0.a(timer_common_all.o)
 .group         0x0000000000000000        0x8 ../libopencm3/lib/libopencm3_stm32l0.a(timer_common_all.o)
 .text          0x0000000000000000        0x0 ../libopencm3/lib/libopencm3_stm32l0.a(timer_common_all.o)
 .data          0x0000000000000000        0x0 ../libopencm3/lib/libopencm3_stm32l0.a(timer_common_all.o)
 .bss           0x0000000000000000        0x0 ../libopencm3/lib/libopencm3_stm32l0.a(timer_common_all.o)
 .text.timer_reset
                0x0000000000000000       0x4c ../libopencm3/lib/libopencm3_stm32l0.a(timer_common_all.o)
 .text.timer_disable_irq
                0x0000000000000000        0x8 ../libopencm3/lib/libopencm3_stm32l0.a(timer_common_all.o)
 .text.timer_interrupt_source
                0x0000000000000000       0x16 ../libopencm3/lib/libopencm3_stm32l0.a(timer_common_all.o)
 .text.timer_set_clock_division
                0x0000000000000000       0x1c ../libopencm3/lib/libopencm3_stm32l0.a(timer_common_all.o)
 .text.timer_enable_preload
                0x0000000000000000        0xa ../libopencm3/lib/libopencm3_stm32l0.a(timer_common_all.o)
 .text.timer_disable_preload
                0x0000000000000000        0xa ../libopencm3/lib/libopencm3_stm32l0.a(timer_common_all.o)
 .text.timer_set_alignment
                0x0000000000000000       0x12 ../libopencm3/lib/libopencm3_stm32l0.a(timer_common_all.o)
 .text.timer_direction_up
                0x0000000000000000        0xa ../libopencm3/lib/libopencm3_stm32l0.a(timer_common_all.o)
 .text.timer_direction_down
                0x0000000000000000        0xa ../libopencm3/lib/libopencm3_stm32l0.a(timer_common_all.o)
 .text.timer_one_shot_mode
                0x0000000000000000        0xa ../libopencm3/lib/libopencm3_stm32l0.a(timer_common_all.o)
 .text.timer_continuous_mode
                0x0000000000000000        0xa ../libopencm3/lib/libopencm3_stm32l0.a(timer_common_all.o)
 .text.timer_update_on_any
                0x0000000000000000        0xa ../libopencm3/lib/libopencm3_stm32l0.a(timer_common_all.o)
 .text.timer_update_on_overflow
                0x0000000000000000        0xa ../libopencm3/lib/libopencm3_stm32l0.a(timer_common_all.o)
 .text.timer_enable_update_event
                0x0000000000000000        0xa ../libopencm3/lib/libopencm3_stm32l0.a(timer_common_all.o)
 .text.timer_disable_update_event
                0x0000000000000000        0xa ../libopencm3/lib/libopencm3_stm32l0.a(timer_common_all.o)
 .text.timer_disable_counter
                0x0000000000000000        0xa ../libopencm3/lib/libopencm3_stm32l0.a(timer_common_all.o)
 .text.timer_set_output_idle_state
                0x0000000000000000        0x2 ../libopencm3/lib/libopencm3_stm32l0.a(timer_common_all.o)
 .text.timer_reset_output_idle_state
                0x0000000000000000        0x2 ../libopencm3/lib/libopencm3_stm32l0.a(timer_common_all.o)
 .text.timer_set_ti1_ch123_xor
                0x0000000000000000        0xa ../libopencm3/lib/libopencm3_stm32l0.a(timer_common_all.o)
 .text.timer_set_ti1_ch1
                0x0000000000000000        0xa ../libopencm3/lib/libopencm3_stm32l0.a(timer_common_all.o)
 .text.timer_set_master_mode
                0x0000000000000000       0x10 ../libopencm3/lib/libopencm3_stm32l0.a(timer_common_all.o)
 .text.timer_set_dma_on_compare_event
                0x0000000000000000        0xa ../libopencm3/lib/libopencm3_stm32l0.a(timer_common_all.o)
 .text.timer_set_dma_on_update_event
                0x0000000000000000        0xa ../libopencm3/lib/libopencm3_stm32l0.a(timer_common_all.o)
 .text.timer_enable_compare_control_update_on_trigger
                0x0000000000000000        0x2 ../libopencm3/lib/libopencm3_stm32l0.a(timer_common_all.o)
 .text.timer_disable_compare_control_update_on_trigger
                0x0000000000000000        0x2 ../libopencm3/lib/libopencm3_stm32l0.a(timer_common_all.o)
 .text.timer_enable_preload_complementry_enable_bits
                0x0000000000000000        0x2 ../libopencm3/lib/libopencm3_stm32l0.a(timer_common_all.o)
 .text.timer_disable_preload_complementry_enable_bits
                0x0000000000000000        0x2 ../libopencm3/lib/libopencm3_stm32l0.a(timer_common_all.o)
 .text.timer_set_repetition_counter
                0x0000000000000000        0x2 ../libopencm3/lib/libopencm3_stm32l0.a(timer_common_all.o)
 .text.timer_enable_oc_clear
                0x0000000000000000       0x3a ../libopencm3/lib/libopencm3_stm32l0.a(timer_common_all.o)
 .text.timer_disable_oc_clear
                0x0000000000000000       0x40 ../libopencm3/lib/libopencm3_stm32l0.a(timer_common_all.o)
 .text.timer_set_oc_fast_mode
                0x0000000000000000       0x3a ../libopencm3/lib/libopencm3_stm32l0.a(timer_common_all.o)
 .text.timer_set_oc_slow_mode
                0x0000000000000000       0x40 ../libopencm3/lib/libopencm3_stm32l0.a(timer_common_all.o)
 .text.timer_enable_oc_preload
                0x0000000000000000       0x3a ../libopencm3/lib/libopencm3_stm32l0.a(timer_common_all.o)
 .text.timer_disable_oc_preload
                0x0000000000000000       0x40 ../libopencm3/lib/libopencm3_stm32l0.a(timer_common_all.o)
 .text.timer_set_oc_polarity_high
                0x0000000000000000       0x3c ../libopencm3/lib/libopencm3_stm32l0.a(timer_common_all.o)
 .text.timer_set_oc_polarity_low
                0x0000000000000000       0x36 ../libopencm3/lib/libopencm3_stm32l0.a(timer_common_all.o)
 .text.timer_disable_oc_output
                0x0000000000000000       0x3c ../libopencm3/lib/libopencm3_stm32l0.a(timer_common_all.o)
 .text.timer_set_oc_idle_state_set
                0x0000000000000000        0x2 ../libopencm3/lib/libopencm3_stm32l0.a(timer_common_all.o)
 .text.timer_set_oc_idle_state_unset
                0x0000000000000000        0x2 ../libopencm3/lib/libopencm3_stm32l0.a(timer_common_all.o)
 .text.timer_enable_break_main_output
                0x0000000000000000        0x2 ../libopencm3/lib/libopencm3_stm32l0.a(timer_common_all.o)
 .text.timer_disable_break_main_output
                0x0000000000000000        0x2 ../libopencm3/lib/libopencm3_stm32l0.a(timer_common_all.o)
 .text.timer_enable_break_automatic_output
                0x0000000000000000        0x2 ../libopencm3/lib/libopencm3_stm32l0.a(timer_common_all.o)
 .text.timer_disable_break_automatic_output
                0x0000000000000000        0x2 ../libopencm3/lib/libopencm3_stm32l0.a(timer_common_all.o)
 .text.timer_set_break_polarity_high
                0x0000000000000000        0x2 ../libopencm3/lib/libopencm3_stm32l0.a(timer_common_all.o)
 .text.timer_set_break_polarity_low
                0x0000000000000000        0x2 ../libopencm3/lib/libopencm3_stm32l0.a(timer_common_all.o)
 .text.timer_enable_break
                0x0000000000000000        0x2 ../libopencm3/lib/libopencm3_stm32l0.a(timer_common_all.o)
 .text.timer_disable_break
                0x0000000000000000        0x2 ../libopencm3/lib/libopencm3_stm32l0.a(timer_common_all.o)
 .text.timer_set_enabled_off_state_in_run_mode
                0x0000000000000000        0x2 ../libopencm3/lib/libopencm3_stm32l0.a(timer_common_all.o)
 .text.timer_set_disabled_off_state_in_run_mode
                0x0000000000000000        0x2 ../libopencm3/lib/libopencm3_stm32l0.a(timer_common_all.o)
 .text.timer_set_enabled_off_state_in_idle_mode
                0x0000000000000000        0x2 ../libopencm3/lib/libopencm3_stm32l0.a(timer_common_all.o)
 .text.timer_set_disabled_off_state_in_idle_mode
                0x0000000000000000        0x2 ../libopencm3/lib/libopencm3_stm32l0.a(timer_common_all.o)
 .text.timer_set_break_lock
                0x0000000000000000        0x2 ../libopencm3/lib/libopencm3_stm32l0.a(timer_common_all.o)
 .text.timer_set_deadtime
                0x0000000000000000        0x2 ../libopencm3/lib/libopencm3_stm32l0.a(timer_common_all.o)
 .text.timer_generate_event
                0x0000000000000000        0x8 ../libopencm3/lib/libopencm3_stm32l0.a(timer_common_all.o)
 .text.timer_get_counter
                0x0000000000000000        0x4 ../libopencm3/lib/libopencm3_stm32l0.a(timer_common_all.o)
 .text.timer_set_counter
                0x0000000000000000        0x4 ../libopencm3/lib/libopencm3_stm32l0.a(timer_common_all.o)
 .text.timer_ic_set_filter
                0x0000000000000000       0x58 ../libopencm3/lib/libopencm3_stm32l0.a(timer_common_all.o)
 .text.timer_ic_set_prescaler
                0x0000000000000000       0x58 ../libopencm3/lib/libopencm3_stm32l0.a(timer_common_all.o)
 .text.timer_ic_set_input
                0x0000000000000000       0x68 ../libopencm3/lib/libopencm3_stm32l0.a(timer_common_all.o)
 .text.timer_ic_enable
                0x0000000000000000       0x12 ../libopencm3/lib/libopencm3_stm32l0.a(timer_common_all.o)
 .text.timer_ic_disable
                0x0000000000000000        0xe ../libopencm3/lib/libopencm3_stm32l0.a(timer_common_all.o)
 .text.timer_slave_set_filter
                0x0000000000000000       0x18 ../libopencm3/lib/libopencm3_stm32l0.a(timer_common_all.o)
 .text.timer_slave_set_prescaler
                0x0000000000000000       0x18 ../libopencm3/lib/libopencm3_stm32l0.a(timer_common_all.o)
 .text.timer_slave_set_polarity
                0x0000000000000000       0x1c ../libopencm3/lib/libopencm3_stm32l0.a(timer_common_all.o)
 .text.timer_slave_set_mode
                0x0000000000000000       0x10 ../libopencm3/lib/libopencm3_stm32l0.a(timer_common_all.o)
 .text.timer_slave_set_trigger
                0x0000000000000000       0x10 ../libopencm3/lib/libopencm3_stm32l0.a(timer_common_all.o)
 .debug_macro   0x0000000000000000      0x832 ../libopencm3/lib/libopencm3_stm32l0.a(timer_common_all.o)
 .debug_macro   0x0000000000000000       0x22 ../libopencm3/lib/libopencm3_stm32l0.a(timer_common_all.o)
 .debug_macro   0x0000000000000000       0x44 ../libopencm3/lib/libopencm3_stm32l0.a(timer_common_all.o)
 .debug_macro   0x0000000000000000       0xe3 ../libopencm3/lib/libopencm3_stm32l0.a(timer_common_all.o)
 .debug_macro   0x0000000000000000       0x22 ../libopencm3/lib/libopencm3_stm32l0.a(timer_common_all.o)
 .debug_macro   0x0000000000000000      0x1df ../libopencm3/lib/libopencm3_stm32l0.a(timer_common_all.o)
 .debug_macro   0x0000000000000000       0x22 ../libopencm3/lib/libopencm3_stm32l0.a(timer_common_all.o)
 .debug_macro   0x0000000000000000       0xfa ../libopencm3/lib/libopencm3_stm32l0.a(timer_common_all.o)
 .debug_macro   0x0000000000000000       0x34 ../libopencm3/lib/libopencm3_stm32l0.a(timer_common_all.o)
 .debug_macro   0x0000000000000000      0x148 ../libopencm3/lib/libopencm3_stm32l0.a(timer_common_all.o)
 .debug_macro   0x0000000000000000      0x922 ../libopencm3/lib/libopencm3_stm32l0.a(timer_common_all.o)
 .group         0x0000000000000000        0x8 ../libopencm3/lib/libopencm3_stm32l0.a(gpio_common_all.o)
 .group         0x0000000000000000        0x8 ../libopencm3/lib/libopencm3_stm32l0.a(gpio_common_all.o)
 .group         0x0000000000000000        0x8 ../libopencm3/lib/libopencm3_stm32l0.a(gpio_common_all.o)
 .group         0x0000000000000000        0x8 ../libopencm3/lib/libopencm3_stm32l0.a(gpio_common_all.o)
 .group         0x0000000000000000        0x8 ../libopencm3/lib/libopencm3_stm32l0.a(gpio_common_all.o)
 .group         0x0000000000000000        0x8 ../libopencm3/lib/libopencm3_stm32l0.a(gpio_common_all.o)
 .group         0x0000000000000000        0x8 ../libopencm3/lib/libopencm3_stm32l0.a(gpio_common_all.o)
 .group         0x0000000000000000        0x8 ../libopencm3/lib/libopencm3_stm32l0.a(gpio_common_all.o)
 .group         0x0000000000000000        0x8 ../libopencm3/lib/libopencm3_stm32l0.a(gpio_common_all.o)
 .group         0x0000000000000000        0x8 ../libopencm3/lib/libopencm3_stm32l0.a(gpio_common_all.o)
 .group         0x0000000000000000        0x8 ../libopencm3/lib/libopencm3_stm32l0.a(gpio_common_all.o)
 .group         0x0000000000000000        0x8 ../libopencm3/lib/libopencm3_stm32l0.a(gpio_common_all.o)
 .group         0x0000000000000000        0x8 ../libopencm3/lib/libopencm3_stm32l0.a(gpio_common_all.o)
 .group         0x0000000000000000        0x8 ../libopencm3/lib/libopencm3_stm32l0.a(gpio_common_all.o)
 .text          0x0000000000000000        0x0 ../libopencm3/lib/libopencm3_stm32l0.a(gpio_common_all.o)
 .data          0x0000000000000000        0x0 ../libopencm3/lib/libopencm3_stm32l0.a(gpio_common_all.o)
 .bss           0x0000000000000000        0x0 ../libopencm3/lib/libopencm3_stm32l0.a(gpio_common_all.o)
 .text.gpio_toggle
                0x0000000000000000       0x10 ../libopencm3/lib/libopencm3_stm32l0.a(gpio_common_all.o)
 .text.gpio_port_read
                0x0000000000000000        0x6 ../libopencm3/lib/libopencm3_stm32l0.a(gpio_common_all.o)
 .text.gpio_port_write
                0x0000000000000000        0x4 ../libopencm3/lib/libopencm3_stm32l0.a(gpio_common_all.o)
 .text.gpio_port_config_lock
                0x0000000000000000       0x12 ../libopencm3/lib/libopencm3_stm32l0.a(gpio_common_all.o)
 .debug_macro   0x0000000000000000      0x832 ../libopencm3/lib/libopencm3_stm32l0.a(gpio_common_all.o)
 .debug_macro   0x0000000000000000       0x22 ../libopencm3/lib/libopencm3_stm32l0.a(gpio_common_all.o)
 .debug_macro   0x0000000000000000       0x44 ../libopencm3/lib/libopencm3_stm32l0.a(gpio_common_all.o)
 .debug_macro   0x0000000000000000       0xe3 ../libopencm3/lib/libopencm3_stm32l0.a(gpio_common_all.o)
 .debug_macro   0x0000000000000000       0x22 ../libopencm3/lib/libopencm3_stm32l0.a(gpio_common_all.o)
 .debug_macro   0x0000000000000000      0x1df ../libopencm3/lib/libopencm3_stm32l0.a(gpio_common_all.o)
 .debug_macro   0x0000000000000000       0x22 ../libopencm3/lib/libopencm3_stm32l0.a(gpio_common_all.o)
 .debug_macro   0x0000000000000000       0xfa ../libopencm3/lib/libopencm3_stm32l0.a(gpio_common_all.o)
 .debug_macro   0x0000000000000000       0x34 ../libopencm3/lib/libopencm3_stm32l0.a(gpio_common_all.o)
 .debug_macro   0x0000000000000000      0x148 ../libopencm3/lib/libopencm3_stm32l0.a(gpio_common_all.o)
 .group         0x0000000000000000        0x8 ../libopencm3/lib/libopencm3_stm32l0.a(gpio_common_f0234.o)
 .group         0x0000000000000000        0x8 ../libopencm3/lib/libopencm3_stm32l0.a(gpio_common_f0234.o)
 .group         0x0000000000000000        0x8 ../libopencm3/lib/libopencm3_stm32l0.a(gpio_common_f0234.o)
 .group         0x0000000000000000        0x8 ../libopencm3/lib/libopencm3_stm32l0.a(gpio_common_f0234.o)
 .group         0x0000000000000000        0x8 ../libopencm3/lib/libopencm3_stm32l0.a(gpio_common_f0234.o)
 .group         0x0000000000000000        0x8 ../libopencm3/lib/libopencm3_stm32l0.a(gpio_common_f0234.o)
 .group         0x0000000000000000        0x8 ../libopencm3/lib/libopencm3_stm32l0.a(gpio_common_f0234.o)
 .group         0x0000000000000000        0x8 ../libopencm3/lib/libopencm3_stm32l0.a(gpio_common_f0234.o)
 .group         0x0000000000000000        0x8 ../libopencm3/lib/libopencm3_stm32l0.a(gpio_common_f0234.o)
 .group         0x0000000000000000        0x8 ../libopencm3/lib/libopencm3_stm32l0.a(gpio_common_f0234.o)
 .group         0x0000000000000000        0x8 ../libopencm3/lib/libopencm3_stm32l0.a(gpio_common_f0234.o)
 .group         0x0000000000000000        0x8 ../libopencm3/lib/libopencm3_stm32l0.a(gpio_common_f0234.o)
 .group         0x0000000000000000        0x8 ../libopencm3/lib/libopencm3_stm32l0.a(gpio_common_f0234.o)
 .group         0x0000000000000000        0x8 ../libopencm3/lib/libopencm3_stm32l0.a(gpio_common_f0234.o)
 .text          0x0000000000000000        0x0 ../libopencm3/lib/libopencm3_stm32l0.a(gpio_common_f0234.o)
 .data          0x0000000000000000        0x0 ../libopencm3/lib/libopencm3_stm32l0.a(gpio_common_f0234.o)
 .bss           0x0000000000000000        0x0 ../libopencm3/lib/libopencm3_stm32l0.a(gpio_common_f0234.o)
 .debug_macro   0x0000000000000000      0x832 ../libopencm3/lib/libopencm3_stm32l0.a(gpio_common_f0234.o)
 .debug_macro   0x0000000000000000       0x22 ../libopencm3/lib/libopencm3_stm32l0.a(gpio_common_f0234.o)
 .debug_macro   0x0000000000000000       0x44 ../libopencm3/lib/libopencm3_stm32l0.a(gpio_common_f0234.o)
 .debug_macro   0x0000000000000000       0xe3 ../libopencm3/lib/libopencm3_stm32l0.a(gpio_common_f0234.o)
 .debug_macro   0x0000000000000000       0x22 ../libopencm3/lib/libopencm3_stm32l0.a(gpio_common_f0234.o)
 .debug_macro   0x0000000000000000      0x1df ../libopencm3/lib/libopencm3_stm32l0.a(gpio_common_f0234.o)
 .debug_macro   0x0000000000000000       0x22 ../libopencm3/lib/libopencm3_stm32l0.a(gpio_common_f0234.o)
 .debug_macro   0x0000000000000000       0xfa ../libopencm3/lib/libopencm3_stm32l0.a(gpio_common_f0234.o)
 .debug_macro   0x0000000000000000       0x34 ../libopencm3/lib/libopencm3_stm32l0.a(gpio_common_f0234.o)
 .debug_macro   0x0000000000000000      0x148 ../libopencm3/lib/libopencm3_stm32l0.a(gpio_common_f0234.o)
 .debug_macro   0x0000000000000000       0x76 ../libopencm3/lib/libopencm3_stm32l0.a(gpio_common_f0234.o)
 .debug_macro   0x0000000000000000      0x2e6 ../libopencm3/lib/libopencm3_stm32l0.a(gpio_common_f0234.o)
 .debug_macro   0x0000000000000000      0x14e ../libopencm3/lib/libopencm3_stm32l0.a(gpio_common_f0234.o)
 .debug_macro   0x0000000000000000       0x3a ../libopencm3/lib/libopencm3_stm32l0.a(gpio_common_f0234.o)
 .group         0x0000000000000000        0x8 ../libopencm3/lib/libopencm3_stm32l0.a(rcc_common_all.o)
 .group         0x0000000000000000        0x8 ../libopencm3/lib/libopencm3_stm32l0.a(rcc_common_all.o)
 .group         0x0000000000000000        0x8 ../libopencm3/lib/libopencm3_stm32l0.a(rcc_common_all.o)
 .group         0x0000000000000000        0x8 ../libopencm3/lib/libopencm3_stm32l0.a(rcc_common_all.o)
 .group         0x0000000000000000        0x8 ../libopencm3/lib/libopencm3_stm32l0.a(rcc_common_all.o)
 .group         0x0000000000000000        0x8 ../libopencm3/lib/libopencm3_stm32l0.a(rcc_common_all.o)
 .group         0x0000000000000000        0x8 ../libopencm3/lib/libopencm3_stm32l0.a(rcc_common_all.o)
 .group         0x0000000000000000        0x8 ../libopencm3/lib/libopencm3_stm32l0.a(rcc_common_all.o)
 .group         0x0000000000000000        0x8 ../libopencm3/lib/libopencm3_stm32l0.a(rcc_common_all.o)
 .group         0x0000000000000000        0x8 ../libopencm3/lib/libopencm3_stm32l0.a(rcc_common_all.o)
 .group         0x0000000000000000        0x8 ../libopencm3/lib/libopencm3_stm32l0.a(rcc_common_all.o)
 .text          0x0000000000000000        0x0 ../libopencm3/lib/libopencm3_stm32l0.a(rcc_common_all.o)
 .data          0x0000000000000000        0x0 ../libopencm3/lib/libopencm3_stm32l0.a(rcc_common_all.o)
 .bss           0x0000000000000000        0x0 ../libopencm3/lib/libopencm3_stm32l0.a(rcc_common_all.o)
 .text.rcc_peripheral_disable_clock
                0x0000000000000000        0x8 ../libopencm3/lib/libopencm3_stm32l0.a(rcc_common_all.o)
 .text.rcc_peripheral_reset
                0x0000000000000000        0x8 ../libopencm3/lib/libopencm3_stm32l0.a(rcc_common_all.o)
 .text.rcc_peripheral_clear_reset
                0x0000000000000000        0x8 ../libopencm3/lib/libopencm3_stm32l0.a(rcc_common_all.o)
 .text.rcc_periph_clock_disable
                0x0000000000000000       0x1c ../libopencm3/lib/libopencm3_stm32l0.a(rcc_common_all.o)
 .text.rcc_periph_reset_pulse
                0x0000000000000000       0x24 ../libopencm3/lib/libopencm3_stm32l0.a(rcc_common_all.o)
 .text.rcc_periph_reset_hold
                0x0000000000000000       0x20 ../libopencm3/lib/libopencm3_stm32l0.a(rcc_common_all.o)
 .text.rcc_periph_reset_release
                0x0000000000000000       0x1c ../libopencm3/lib/libopencm3_stm32l0.a(rcc_common_all.o)
 .text.rcc_set_mco
                0x0000000000000000       0x18 ../libopencm3/lib/libopencm3_stm32l0.a(rcc_common_all.o)
 .debug_macro   0x0000000000000000      0x832 ../libopencm3/lib/libopencm3_stm32l0.a(rcc_common_all.o)
 .debug_macro   0x0000000000000000       0x22 ../libopencm3/lib/libopencm3_stm32l0.a(rcc_common_all.o)
 .debug_macro   0x0000000000000000       0x44 ../libopencm3/lib/libopencm3_stm32l0.a(rcc_common_all.o)
 .debug_macro   0x0000000000000000       0xe3 ../libopencm3/lib/libopencm3_stm32l0.a(rcc_common_all.o)
 .debug_macro   0x0000000000000000       0x22 ../libopencm3/lib/libopencm3_stm32l0.a(rcc_common_all.o)
 .debug_macro   0x0000000000000000      0x1df ../libopencm3/lib/libopencm3_stm32l0.a(rcc_common_all.o)
 .debug_macro   0x0000000000000000       0x22 ../libopencm3/lib/libopencm3_stm32l0.a(rcc_common_all.o)
 .debug_macro   0x0000000000000000       0xfa ../libopencm3/lib/libopencm3_stm32l0.a(rcc_common_all.o)
 .debug_macro   0x0000000000000000       0x34 ../libopencm3/lib/libopencm3_stm32l0.a(rcc_common_all.o)
 .debug_macro   0x0000000000000000      0x148 ../libopencm3/lib/libopencm3_stm32l0.a(rcc_common_all.o)
 .debug_macro   0x0000000000000000      0x922 ../libopencm3/lib/libopencm3_stm32l0.a(rcc_common_all.o)
 .group         0x0000000000000000        0x8 ../libopencm3/lib/libopencm3_stm32l0.a(exti_common_all.o)
 .group         0x0000000000000000        0x8 ../libopencm3/lib/libopencm3_stm32l0.a(exti_common_all.o)
 .group         0x0000000000000000        0x8 ../libopencm3/lib/libopencm3_stm32l0.a(exti_common_all.o)
 .group         0x0000000000000000        0x8 ../libopencm3/lib/libopencm3_stm32l0.a(exti_common_all.o)
 .group         0x0000000000000000        0x8 ../libopencm3/lib/libopencm3_stm32l0.a(exti_common_all.o)
 .group         0x0000000000000000        0x8 ../libopencm3/lib/libopencm3_stm32l0.a(exti_common_all.o)
 .group         0x0000000000000000        0x8 ../libopencm3/lib/libopencm3_stm32l0.a(exti_common_all.o)
 .group         0x0000000000000000        0x8 ../libopencm3/lib/libopencm3_stm32l0.a(exti_common_all.o)
 .group         0x0000000000000000        0x8 ../libopencm3/lib/libopencm3_stm32l0.a(exti_common_all.o)
 .group         0x0000000000000000        0x8 ../libopencm3/lib/libopencm3_stm32l0.a(exti_common_all.o)
 .group         0x0000000000000000        0x8 ../libopencm3/lib/libopencm3_stm32l0.a(exti_common_all.o)
 .group         0x0000000000000000        0x8 ../libopencm3/lib/libopencm3_stm32l0.a(exti_common_all.o)
 .group         0x0000000000000000        0x8 ../libopencm3/lib/libopencm3_stm32l0.a(exti_common_all.o)
 .group         0x0000000000000000        0x8 ../libopencm3/lib/libopencm3_stm32l0.a(exti_common_all.o)
 .group         0x0000000000000000        0x8 ../libopencm3/lib/libopencm3_stm32l0.a(exti_common_all.o)
 .group         0x0000000000000000        0x8 ../libopencm3/lib/libopencm3_stm32l0.a(exti_common_all.o)
 .text          0x0000000000000000        0x0 ../libopencm3/lib/libopencm3_stm32l0.a(exti_common_all.o)
 .data          0x0000000000000000        0x0 ../libopencm3/lib/libopencm3_stm32l0.a(exti_common_all.o)
 .bss           0x0000000000000000        0x0 ../libopencm3/lib/libopencm3_stm32l0.a(exti_common_all.o)
 .text.exti_get_flag_status
                0x0000000000000000        0xc ../libopencm3/lib/libopencm3_stm32l0.a(exti_common_all.o)
 .debug_macro   0x0000000000000000      0x832 ../libopencm3/lib/libopencm3_stm32l0.a(exti_common_all.o)
 .debug_macro   0x0000000000000000       0x22 ../libopencm3/lib/libopencm3_stm32l0.a(exti_common_all.o)
 .debug_macro   0x0000000000000000       0x44 ../libopencm3/lib/libopencm3_stm32l0.a(exti_common_all.o)
 .debug_macro   0x0000000000000000       0xe3 ../libopencm3/lib/libopencm3_stm32l0.a(exti_common_all.o)
 .debug_macro   0x0000000000000000       0x22 ../libopencm3/lib/libopencm3_stm32l0.a(exti_common_all.o)
 .debug_macro   0x0000000000000000      0x1df ../libopencm3/lib/libopencm3_stm32l0.a(exti_common_all.o)
 .debug_macro   0x0000000000000000       0x22 ../libopencm3/lib/libopencm3_stm32l0.a(exti_common_all.o)
 .debug_macro   0x0000000000000000       0xfa ../libopencm3/lib/libopencm3_stm32l0.a(exti_common_all.o)
 .debug_macro   0x0000000000000000       0x34 ../libopencm3/lib/libopencm3_stm32l0.a(exti_common_all.o)
 .debug_macro   0x0000000000000000      0x148 ../libopencm3/lib/libopencm3_stm32l0.a(exti_common_all.o)
 .debug_macro   0x0000000000000000       0x76 ../libopencm3/lib/libopencm3_stm32l0.a(exti_common_all.o)
 .debug_macro   0x0000000000000000      0x2e6 ../libopencm3/lib/libopencm3_stm32l0.a(exti_common_all.o)
 .debug_macro   0x0000000000000000      0x14e ../libopencm3/lib/libopencm3_stm32l0.a(exti_common_all.o)
 .debug_macro   0x0000000000000000       0x3a ../libopencm3/lib/libopencm3_stm32l0.a(exti_common_all.o)
 .group         0x0000000000000000        0x8 ../libopencm3/lib/libopencm3_stm32l0.a(vector.o)
 .group         0x0000000000000000        0x8 ../libopencm3/lib/libopencm3_stm32l0.a(vector.o)
 .group         0x0000000000000000        0x8 ../libopencm3/lib/libopencm3_stm32l0.a(vector.o)
 .group         0x0000000000000000        0x8 ../libopencm3/lib/libopencm3_stm32l0.a(vector.o)
 .group         0x0000000000000000        0x8 ../libopencm3/lib/libopencm3_stm32l0.a(vector.o)
 .group         0x0000000000000000        0x8 ../libopencm3/lib/libopencm3_stm32l0.a(vector.o)
 .group         0x0000000000000000        0x8 ../libopencm3/lib/libopencm3_stm32l0.a(vector.o)
 .group         0x0000000000000000        0x8 ../libopencm3/lib/libopencm3_stm32l0.a(vector.o)
 .group         0x0000000000000000        0x8 ../libopencm3/lib/libopencm3_stm32l0.a(vector.o)
 .group         0x0000000000000000        0x8 ../libopencm3/lib/libopencm3_stm32l0.a(vector.o)
 .group         0x0000000000000000        0x8 ../libopencm3/lib/libopencm3_stm32l0.a(vector.o)
 .group         0x0000000000000000        0x8 ../libopencm3/lib/libopencm3_stm32l0.a(vector.o)
 .text          0x0000000000000000        0x0 ../libopencm3/lib/libopencm3_stm32l0.a(vector.o)
 .data          0x0000000000000000        0x0 ../libopencm3/lib/libopencm3_stm32l0.a(vector.o)
 .bss           0x0000000000000000        0x0 ../libopencm3/lib/libopencm3_stm32l0.a(vector.o)
 .debug_macro   0x0000000000000000      0x832 ../libopencm3/lib/libopencm3_stm32l0.a(vector.o)
 .debug_macro   0x0000000000000000       0x34 ../libopencm3/lib/libopencm3_stm32l0.a(vector.o)
 .debug_macro   0x0000000000000000       0x22 ../libopencm3/lib/libopencm3_stm32l0.a(vector.o)
 .debug_macro   0x0000000000000000       0x44 ../libopencm3/lib/libopencm3_stm32l0.a(vector.o)
 .debug_macro   0x0000000000000000       0xe3 ../libopencm3/lib/libopencm3_stm32l0.a(vector.o)
 .debug_macro   0x0000000000000000       0x22 ../libopencm3/lib/libopencm3_stm32l0.a(vector.o)
 .debug_macro   0x0000000000000000      0x1df ../libopencm3/lib/libopencm3_stm32l0.a(vector.o)
 .debug_macro   0x0000000000000000       0x22 ../libopencm3/lib/libopencm3_stm32l0.a(vector.o)
 .debug_macro   0x0000000000000000       0xfa ../libopencm3/lib/libopencm3_stm32l0.a(vector.o)
 .group         0x0000000000000000        0x8 ../libopencm3/lib/libopencm3_stm32l0.a(systick.o)
 .group         0x0000000000000000        0x8 ../libopencm3/lib/libopencm3_stm32l0.a(systick.o)
 .group         0x0000000000000000        0x8 ../libopencm3/lib/libopencm3_stm32l0.a(systick.o)
 .group         0x0000000000000000        0x8 ../libopencm3/lib/libopencm3_stm32l0.a(systick.o)
 .group         0x0000000000000000        0x8 ../libopencm3/lib/libopencm3_stm32l0.a(systick.o)
 .group         0x0000000000000000        0x8 ../libopencm3/lib/libopencm3_stm32l0.a(systick.o)
 .group         0x0000000000000000        0x8 ../libopencm3/lib/libopencm3_stm32l0.a(systick.o)
 .group         0x0000000000000000        0x8 ../libopencm3/lib/libopencm3_stm32l0.a(systick.o)
 .group         0x0000000000000000        0x8 ../libopencm3/lib/libopencm3_stm32l0.a(systick.o)
 .group         0x0000000000000000        0x8 ../libopencm3/lib/libopencm3_stm32l0.a(systick.o)
 .text          0x0000000000000000        0x0 ../libopencm3/lib/libopencm3_stm32l0.a(systick.o)
 .data          0x0000000000000000        0x0 ../libopencm3/lib/libopencm3_stm32l0.a(systick.o)
 .bss           0x0000000000000000        0x0 ../libopencm3/lib/libopencm3_stm32l0.a(systick.o)
 .text.systick_get_reload
                0x0000000000000000       0x10 ../libopencm3/lib/libopencm3_stm32l0.a(systick.o)
 .text.systick_get_value
                0x0000000000000000       0x10 ../libopencm3/lib/libopencm3_stm32l0.a(systick.o)
 .text.systick_set_frequency
                0x0000000000000000       0x28 ../libopencm3/lib/libopencm3_stm32l0.a(systick.o)
 .text.systick_interrupt_disable
                0x0000000000000000       0x10 ../libopencm3/lib/libopencm3_stm32l0.a(systick.o)
 .text.systick_counter_disable
                0x0000000000000000       0x10 ../libopencm3/lib/libopencm3_stm32l0.a(systick.o)
 .text.systick_get_countflag
                0x0000000000000000       0x10 ../libopencm3/lib/libopencm3_stm32l0.a(systick.o)
 .text.systick_clear
                0x0000000000000000        0xc ../libopencm3/lib/libopencm3_stm32l0.a(systick.o)
 .text.systick_get_calib
                0x0000000000000000       0x10 ../libopencm3/lib/libopencm3_stm32l0.a(systick.o)
 .debug_macro   0x0000000000000000      0x832 ../libopencm3/lib/libopencm3_stm32l0.a(systick.o)
 .debug_macro   0x0000000000000000       0x34 ../libopencm3/lib/libopencm3_stm32l0.a(systick.o)
 .debug_macro   0x0000000000000000       0x22 ../libopencm3/lib/libopencm3_stm32l0.a(systick.o)
 .debug_macro   0x0000000000000000       0x44 ../libopencm3/lib/libopencm3_stm32l0.a(systick.o)
 .debug_macro   0x0000000000000000       0xe3 ../libopencm3/lib/libopencm3_stm32l0.a(systick.o)
 .debug_macro   0x0000000000000000       0x22 ../libopencm3/lib/libopencm3_stm32l0.a(systick.o)
 .debug_macro   0x0000000000000000      0x1df ../libopencm3/lib/libopencm3_stm32l0.a(systick.o)
 .debug_macro   0x0000000000000000       0x22 ../libopencm3/lib/libopencm3_stm32l0.a(systick.o)
 .debug_macro   0x0000000000000000       0xfa ../libopencm3/lib/libopencm3_stm32l0.a(systick.o)
 .group         0x0000000000000000        0x8 ../libopencm3/lib/libopencm3_stm32l0.a(nvic.o)
 .group         0x0000000000000000        0x8 ../libopencm3/lib/libopencm3_stm32l0.a(nvic.o)
 .group         0x0000000000000000        0x8 ../libopencm3/lib/libopencm3_stm32l0.a(nvic.o)
 .group         0x0000000000000000        0x8 ../libopencm3/lib/libopencm3_stm32l0.a(nvic.o)
 .group         0x0000000000000000        0x8 ../libopencm3/lib/libopencm3_stm32l0.a(nvic.o)
 .group         0x0000000000000000        0x8 ../libopencm3/lib/libopencm3_stm32l0.a(nvic.o)
 .group         0x0000000000000000        0x8 ../libopencm3/lib/libopencm3_stm32l0.a(nvic.o)
 .group         0x0000000000000000        0x8 ../libopencm3/lib/libopencm3_stm32l0.a(nvic.o)
 .group         0x0000000000000000        0x8 ../libopencm3/lib/libopencm3_stm32l0.a(nvic.o)
 .group         0x0000000000000000        0x8 ../libopencm3/lib/libopencm3_stm32l0.a(nvic.o)
 .group         0x0000000000000000        0x8 ../libopencm3/lib/libopencm3_stm32l0.a(nvic.o)
 .group         0x0000000000000000        0x8 ../libopencm3/lib/libopencm3_stm32l0.a(nvic.o)
 .text          0x0000000000000000        0x0 ../libopencm3/lib/libopencm3_stm32l0.a(nvic.o)
 .data          0x0000000000000000        0x0 ../libopencm3/lib/libopencm3_stm32l0.a(nvic.o)
 .bss           0x0000000000000000        0x0 ../libopencm3/lib/libopencm3_stm32l0.a(nvic.o)
 .text.nvic_disable_irq
                0x0000000000000000       0x18 ../libopencm3/lib/libopencm3_stm32l0.a(nvic.o)
 .text.nvic_get_pending_irq
                0x0000000000000000       0x24 ../libopencm3/lib/libopencm3_stm32l0.a(nvic.o)
 .text.nvic_set_pending_irq
                0x0000000000000000       0x18 ../libopencm3/lib/libopencm3_stm32l0.a(nvic.o)
 .text.nvic_clear_pending_irq
                0x0000000000000000       0x18 ../libopencm3/lib/libopencm3_stm32l0.a(nvic.o)
 .text.nvic_get_irq_enabled
                0x0000000000000000       0x24 ../libopencm3/lib/libopencm3_stm32l0.a(nvic.o)
 .debug_macro   0x0000000000000000      0x832 ../libopencm3/lib/libopencm3_stm32l0.a(nvic.o)
 .debug_macro   0x0000000000000000       0x22 ../libopencm3/lib/libopencm3_stm32l0.a(nvic.o)
 .debug_macro   0x0000000000000000       0x44 ../libopencm3/lib/libopencm3_stm32l0.a(nvic.o)
 .debug_macro   0x0000000000000000       0xe3 ../libopencm3/lib/libopencm3_stm32l0.a(nvic.o)
 .debug_macro   0x0000000000000000       0x22 ../libopencm3/lib/libopencm3_stm32l0.a(nvic.o)
 .debug_macro   0x0000000000000000      0x1df ../libopencm3/lib/libopencm3_stm32l0.a(nvic.o)
 .debug_macro   0x0000000000000000       0x22 ../libopencm3/lib/libopencm3_stm32l0.a(nvic.o)
 .debug_macro   0x0000000000000000       0xfa ../libopencm3/lib/libopencm3_stm32l0.a(nvic.o)
 .debug_macro   0x0000000000000000       0x34 ../libopencm3/lib/libopencm3_stm32l0.a(nvic.o)
 .debug_macro   0x0000000000000000       0xca ../libopencm3/lib/libopencm3_stm32l0.a(nvic.o)
 .group         0x0000000000000000        0x8 ../libopencm3/lib/libopencm3_stm32l0.a(assert.o)
 .group         0x0000000000000000        0x8 ../libopencm3/lib/libopencm3_stm32l0.a(assert.o)
 .group         0x0000000000000000        0x8 ../libopencm3/lib/libopencm3_stm32l0.a(assert.o)
 .group         0x0000000000000000        0x8 ../libopencm3/lib/libopencm3_stm32l0.a(assert.o)
 .group         0x0000000000000000        0x8 ../libopencm3/lib/libopencm3_stm32l0.a(assert.o)
 .group         0x0000000000000000        0x8 ../libopencm3/lib/libopencm3_stm32l0.a(assert.o)
 .group         0x0000000000000000        0x8 ../libopencm3/lib/libopencm3_stm32l0.a(assert.o)
 .group         0x0000000000000000        0x8 ../libopencm3/lib/libopencm3_stm32l0.a(assert.o)
 .group         0x0000000000000000        0x8 ../libopencm3/lib/libopencm3_stm32l0.a(assert.o)
 .text          0x0000000000000000        0x0 ../libopencm3/lib/libopencm3_stm32l0.a(assert.o)
 .data          0x0000000000000000        0x0 ../libopencm3/lib/libopencm3_stm32l0.a(assert.o)
 .bss           0x0000000000000000        0x0 ../libopencm3/lib/libopencm3_stm32l0.a(assert.o)
 .text.cm3_assert_failed
                0x0000000000000000        0x2 ../libopencm3/lib/libopencm3_stm32l0.a(assert.o)
 .text.cm3_assert_failed_verbose
                0x0000000000000000        0x6 ../libopencm3/lib/libopencm3_stm32l0.a(assert.o)
 .debug_info    0x0000000000000000       0xee ../libopencm3/lib/libopencm3_stm32l0.a(assert.o)
 .debug_abbrev  0x0000000000000000       0x89 ../libopencm3/lib/libopencm3_stm32l0.a(assert.o)
 .debug_loc     0x0000000000000000       0x84 ../libopencm3/lib/libopencm3_stm32l0.a(assert.o)
 .debug_aranges
                0x0000000000000000       0x28 ../libopencm3/lib/libopencm3_stm32l0.a(assert.o)
 .debug_ranges  0x0000000000000000       0x18 ../libopencm3/lib/libopencm3_stm32l0.a(assert.o)
 .debug_macro   0x0000000000000000       0x7b ../libopencm3/lib/libopencm3_stm32l0.a(assert.o)
 .debug_macro   0x0000000000000000      0x832 ../libopencm3/lib/libopencm3_stm32l0.a(assert.o)
 .debug_macro   0x0000000000000000       0x22 ../libopencm3/lib/libopencm3_stm32l0.a(assert.o)
 .debug_macro   0x0000000000000000       0x44 ../libopencm3/lib/libopencm3_stm32l0.a(assert.o)
 .debug_macro   0x0000000000000000       0xe3 ../libopencm3/lib/libopencm3_stm32l0.a(assert.o)
 .debug_macro   0x0000000000000000       0x22 ../libopencm3/lib/libopencm3_stm32l0.a(assert.o)
 .debug_macro   0x0000000000000000      0x1df ../libopencm3/lib/libopencm3_stm32l0.a(assert.o)
 .debug_macro   0x0000000000000000       0x22 ../libopencm3/lib/libopencm3_stm32l0.a(assert.o)
 .debug_macro   0x0000000000000000       0xfa ../libopencm3/lib/libopencm3_stm32l0.a(assert.o)
 .debug_macro   0x0000000000000000       0x16 ../libopencm3/lib/libopencm3_stm32l0.a(assert.o)
 .debug_line    0x0000000000000000      0x161 ../libopencm3/lib/libopencm3_stm32l0.a(assert.o)
 .debug_str     0x0000000000000000     0x3477 ../libopencm3/lib/libopencm3_stm32l0.a(assert.o)
 .comment       0x0000000000000000       0x39 ../libopencm3/lib/libopencm3_stm32l0.a(assert.o)
 .debug_frame   0x0000000000000000       0x38 ../libopencm3/lib/libopencm3_stm32l0.a(assert.o)
 .ARM.attributes
                0x0000000000000000       0x32 ../libopencm3/lib/libopencm3_stm32l0.a(assert.o)
 .data          0x0000000000000000        0x0 /usr/lib/gcc/arm-none-eabi/4.9.3/armv6-m/libgcc.a(_thumb1_case_sqi.o)
 .bss           0x0000000000000000        0x0 /usr/lib/gcc/arm-none-eabi/4.9.3/armv6-m/libgcc.a(_thumb1_case_sqi.o)
 .data          0x0000000000000000        0x0 /usr/lib/gcc/arm-none-eabi/4.9.3/armv6-m/libgcc.a(_thumb1_case_uqi.o)
 .bss           0x0000000000000000        0x0 /usr/lib/gcc/arm-none-eabi/4.9.3/armv6-m/libgcc.a(_thumb1_case_uqi.o)
 .text          0x0000000000000000      0x120 /usr/lib/gcc/arm-none-eabi/4.9.3/armv6-m/libgcc.a(_udivsi3.o)
 .data          0x0000000000000000        0x0 /usr/lib/gcc/arm-none-eabi/4.9.3/armv6-m/libgcc.a(_udivsi3.o)
 .bss           0x0000000000000000        0x0 /usr/lib/gcc/arm-none-eabi/4.9.3/armv6-m/libgcc.a(_udivsi3.o)
 .debug_frame   0x0000000000000000       0x20 /usr/lib/gcc/arm-none-eabi/4.9.3/armv6-m/libgcc.a(_udivsi3.o)
 .debug_line    0x0000000000000000       0x6c /usr/lib/gcc/arm-none-eabi/4.9.3/armv6-m/libgcc.a(_udivsi3.o)
 .debug_info    0x0000000000000000       0xb9 /usr/lib/gcc/arm-none-eabi/4.9.3/armv6-m/libgcc.a(_udivsi3.o)
 .debug_abbrev  0x0000000000000000       0x14 /usr/lib/gcc/arm-none-eabi/4.9.3/armv6-m/libgcc.a(_udivsi3.o)
 .debug_aranges
                0x0000000000000000       0x20 /usr/lib/gcc/arm-none-eabi/4.9.3/armv6-m/libgcc.a(_udivsi3.o)
 .ARM.attributes
                0x0000000000000000       0x1e /usr/lib/gcc/arm-none-eabi/4.9.3/armv6-m/libgcc.a(_udivsi3.o)
 .data          0x0000000000000000        0x0 /usr/lib/gcc/arm-none-eabi/4.9.3/armv6-m/libgcc.a(_divsi3.o)
 .bss           0x0000000000000000        0x0 /usr/lib/gcc/arm-none-eabi/4.9.3/armv6-m/libgcc.a(_divsi3.o)
 .data          0x0000000000000000        0x0 /usr/lib/gcc/arm-none-eabi/4.9.3/armv6-m/libgcc.a(_dvmd_tls.o)
 .bss           0x0000000000000000        0x0 /usr/lib/gcc/arm-none-eabi/4.9.3/armv6-m/libgcc.a(_dvmd_tls.o)

Memory Configuration

Name             Origin             Length             Attributes
rom              0x0000000008000000 0x0000000000004000 xr
ram              0x0000000020000000 0x0000000000000800 xrw
eep              0x0000000008080000 0x0000000000000000 r
*default*        0x0000000000000000 0xffffffffffffffff

Linker script and memory map

LOAD comm.o
LOAD HAL.o
LOAD neuron.o
LOAD main.o
LOAD ../libopencm3/lib/libopencm3_stm32l0.a
START GROUP
LOAD /usr/lib/gcc/arm-none-eabi/4.9.3/../../../arm-none-eabi/lib/armv6-m/libc.a
LOAD /usr/lib/gcc/arm-none-eabi/4.9.3/armv6-m/libgcc.a
LOAD /usr/lib/gcc/arm-none-eabi/4.9.3/../../../arm-none-eabi/lib/armv6-m/libnosys.a
END GROUP
START GROUP
LOAD /usr/lib/gcc/arm-none-eabi/4.9.3/armv6-m/libgcc.a
LOAD /usr/lib/gcc/arm-none-eabi/4.9.3/../../../arm-none-eabi/lib/armv6-m/libc.a
END GROUP

.text           0x0000000008000000     0x1c90
 *(.vectors)
 .vectors       0x0000000008000000       0xc0 ../libopencm3/lib/libopencm3_stm32l0.a(vector.o)
                0x0000000008000000                vector_table
 *(.text*)
 .text.commInit
                0x00000000080000c0       0x10 comm.o
                0x00000000080000c0                commInit
 .text.addWrite
                0x00000000080000d0       0x48 comm.o
                0x00000000080000d0                addWrite
 .text.readInputs
                0x0000000008000118      0x1ec comm.o
                0x0000000008000118                readInputs
 .text.writeDownstream
                0x0000000008000304       0x10 comm.o
                0x0000000008000304                writeDownstream
 .text.writeAll
                0x0000000008000314       0x5c comm.o
                0x0000000008000314                writeAll
 .text.writeNID
                0x0000000008000370       0x38 comm.o
                0x0000000008000370                writeNID
 .text.write    0x00000000080003a8       0xac comm.o
                0x00000000080003a8                write
 .text.clock_setup
                0x0000000008000454       0x10 HAL.o
                0x0000000008000454                clock_setup
 .text.sys_tick_handler
                0x0000000008000464       0x2c HAL.o
                0x0000000008000464                sys_tick_handler
 .text.systick_setup
                0x0000000008000490       0x24 HAL.o
                0x0000000008000490                systick_setup
 .text.setAsInput
                0x00000000080004b4       0x2e HAL.o
                0x00000000080004b4                setAsInput
 *fill*         0x00000000080004e2        0x2 
 .text.gpio_setup
                0x00000000080004e4      0x158 HAL.o
                0x00000000080004e4                gpio_setup
 .text.setAsOutput
                0x000000000800063c       0x1a HAL.o
                0x000000000800063c                setAsOutput
 *fill*         0x0000000008000656        0x2 
 .text.exti0_1_isr
                0x0000000008000658       0x2c HAL.o
                0x0000000008000658                exti0_1_isr
 .text.exti2_3_isr
                0x0000000008000684       0x10 HAL.o
                0x0000000008000684                exti2_3_isr
 .text.exti4_15_isr
                0x0000000008000694       0x54 HAL.o
                0x0000000008000694                exti4_15_isr
 .text.tim_setup
                0x00000000080006e8      0x108 HAL.o
                0x00000000080006e8                tim_setup
 .text.tim21_isr
                0x00000000080007f0       0x10 HAL.o
                0x00000000080007f0                tim21_isr
 .text.tim2_isr
                0x0000000008000800       0x1c HAL.o
                0x0000000008000800                tim2_isr
 .text.LEDFullWhite
                0x000000000800081c       0x2a HAL.o
                0x000000000800081c                LEDFullWhite
 *fill*         0x0000000008000846        0x2 
 .text.setLED   0x0000000008000848       0x74 HAL.o
                0x0000000008000848                setLED
 .text.setServo
                0x00000000080008bc       0x20 HAL.o
                0x00000000080008bc                setServo
 .text.neuronInit
                0x00000000080008dc       0x58 neuron.o
                0x00000000080008dc                neuronInit
 .text.dendriteSwitchOff
                0x0000000008000934       0x22 neuron.o
                0x0000000008000934                dendriteSwitchOff
 *fill*         0x0000000008000956        0x2 
 .text.checkDendrites
                0x0000000008000958      0x13c neuron.o
                0x0000000008000958                checkDendrites
 .text.dendriteDecayStep
                0x0000000008000a94       0x1e neuron.o
                0x0000000008000a94                dendriteDecayStep
 .text.membraneDecayStep
                0x0000000008000ab2       0x12 neuron.o
                0x0000000008000ab2                membraneDecayStep
 .text.calcNeuronPotential
                0x0000000008000ac4       0x38 neuron.o
                0x0000000008000ac4                calcNeuronPotential
 .text.startup.main
                0x0000000008000afc      0x210 main.o
                0x0000000008000afc                main
 .text.rcc_osc_on
                0x0000000008000d0c       0x54 ../libopencm3/lib/libopencm3_stm32l0.a(rcc.o)
                0x0000000008000d0c                rcc_osc_on
 .text.rcc_set_sysclk_source
                0x0000000008000d60       0x44 ../libopencm3/lib/libopencm3_stm32l0.a(rcc.o)
                0x0000000008000d60                rcc_set_sysclk_source
 .text.timer_enable_irq
                0x0000000008000da4        0x8 ../libopencm3/lib/libopencm3_stm32l0.a(timer_common_all.o)
                0x0000000008000da4                timer_enable_irq
 .text.timer_get_flag
                0x0000000008000dac        0xe ../libopencm3/lib/libopencm3_stm32l0.a(timer_common_all.o)
                0x0000000008000dac                timer_get_flag
 .text.timer_clear_flag
                0x0000000008000dba        0x6 ../libopencm3/lib/libopencm3_stm32l0.a(timer_common_all.o)
                0x0000000008000dba                timer_clear_flag
 .text.timer_set_mode
                0x0000000008000dc0       0x18 ../libopencm3/lib/libopencm3_stm32l0.a(timer_common_all.o)
                0x0000000008000dc0                timer_set_mode
 .text.timer_enable_counter
                0x0000000008000dd8        0xa ../libopencm3/lib/libopencm3_stm32l0.a(timer_common_all.o)
                0x0000000008000dd8                timer_enable_counter
 .text.timer_set_prescaler
                0x0000000008000de2        0x4 ../libopencm3/lib/libopencm3_stm32l0.a(timer_common_all.o)
                0x0000000008000de2                timer_set_prescaler
 .text.timer_set_period
                0x0000000008000de6        0x4 ../libopencm3/lib/libopencm3_stm32l0.a(timer_common_all.o)
                0x0000000008000de6                timer_set_period
 *fill*         0x0000000008000dea        0x2 
 .text.timer_set_oc_mode
                0x0000000008000dec      0x14c ../libopencm3/lib/libopencm3_stm32l0.a(timer_common_all.o)
                0x0000000008000dec                timer_set_oc_mode
 .text.timer_enable_oc_output
                0x0000000008000f38       0x36 ../libopencm3/lib/libopencm3_stm32l0.a(timer_common_all.o)
                0x0000000008000f38                timer_enable_oc_output
 .text.timer_set_oc_value
                0x0000000008000f6e       0x26 ../libopencm3/lib/libopencm3_stm32l0.a(timer_common_all.o)
                0x0000000008000f6e                timer_set_oc_value
 .text.gpio_set
                0x0000000008000f94        0x4 ../libopencm3/lib/libopencm3_stm32l0.a(gpio_common_all.o)
                0x0000000008000f94                gpio_set
 .text.gpio_clear
                0x0000000008000f98        0x6 ../libopencm3/lib/libopencm3_stm32l0.a(gpio_common_all.o)
                0x0000000008000f98                gpio_clear
 .text.gpio_get
                0x0000000008000f9e        0x6 ../libopencm3/lib/libopencm3_stm32l0.a(gpio_common_all.o)
                0x0000000008000f9e                gpio_get
 .text.gpio_mode_setup
                0x0000000008000fa4       0x3c ../libopencm3/lib/libopencm3_stm32l0.a(gpio_common_f0234.o)
                0x0000000008000fa4                gpio_mode_setup
 .text.gpio_set_output_options
                0x0000000008000fe0       0x36 ../libopencm3/lib/libopencm3_stm32l0.a(gpio_common_f0234.o)
                0x0000000008000fe0                gpio_set_output_options
 .text.gpio_set_af
                0x0000000008001016       0x4e ../libopencm3/lib/libopencm3_stm32l0.a(gpio_common_f0234.o)
                0x0000000008001016                gpio_set_af
 .text.rcc_peripheral_enable_clock
                0x0000000008001064        0x8 ../libopencm3/lib/libopencm3_stm32l0.a(rcc_common_all.o)
                0x0000000008001064                rcc_peripheral_enable_clock
 .text.rcc_periph_clock_enable
                0x000000000800106c       0x20 ../libopencm3/lib/libopencm3_stm32l0.a(rcc_common_all.o)
                0x000000000800106c                rcc_periph_clock_enable
 .text.exti_set_trigger
                0x000000000800108c       0x40 ../libopencm3/lib/libopencm3_stm32l0.a(exti_common_all.o)
                0x000000000800108c                exti_set_trigger
 .text.exti_enable_request
                0x00000000080010cc       0x1c ../libopencm3/lib/libopencm3_stm32l0.a(exti_common_all.o)
                0x00000000080010cc                exti_enable_request
 .text.exti_disable_request
                0x00000000080010e8       0x1c ../libopencm3/lib/libopencm3_stm32l0.a(exti_common_all.o)
                0x00000000080010e8                exti_disable_request
 .text.exti_reset_request
                0x0000000008001104        0xc ../libopencm3/lib/libopencm3_stm32l0.a(exti_common_all.o)
                0x0000000008001104                exti_reset_request
 .text.exti_select_source
                0x0000000008001110       0x6c ../libopencm3/lib/libopencm3_stm32l0.a(exti_common_all.o)
                0x0000000008001110                exti_select_source
 .text.blocking_handler
                0x000000000800117c        0x2 ../libopencm3/lib/libopencm3_stm32l0.a(vector.o)
                0x000000000800117c                rtc_isr
                0x000000000800117c                blocking_handler
                0x000000000800117c                tsc_isr
                0x000000000800117c                spi1_isr
                0x000000000800117c                i2c1_isr
                0x000000000800117c                i2c2_isr
                0x000000000800117c                usart1_isr
                0x000000000800117c                reserved4_isr
                0x000000000800117c                reserved5_isr
                0x000000000800117c                lptim1_isr
                0x000000000800117c                pvd_isr
                0x000000000800117c                lpuart1_isr
                0x000000000800117c                rcc_isr
                0x000000000800117c                reserved3_isr
                0x000000000800117c                flash_isr
                0x000000000800117c                hard_fault_handler
                0x000000000800117c                spi2_isr
                0x000000000800117c                usb_isr
                0x000000000800117c                usart2_isr
                0x000000000800117c                adc_comp_isr
                0x000000000800117c                reserved2_isr
                0x000000000800117c                reserved1_isr
                0x000000000800117c                dma1_channel1_isr
                0x000000000800117c                tim6_dac_isr
                0x000000000800117c                lcd_isr
                0x000000000800117c                dma1_channel2_3_isr
                0x000000000800117c                tim22_isr
                0x000000000800117c                wwdg_isr
                0x000000000800117c                dma1_channel4_5_isr
 .text.null_handler
                0x000000000800117e        0x2 ../libopencm3/lib/libopencm3_stm32l0.a(vector.o)
                0x000000000800117e                null_handler
                0x000000000800117e                sv_call_handler
                0x000000000800117e                pend_sv_handler
                0x000000000800117e                nmi_handler
 .text.reset_handler
                0x0000000008001180       0x8c ../libopencm3/lib/libopencm3_stm32l0.a(vector.o)
                0x0000000008001180                reset_handler
 .text.systick_set_reload
                0x000000000800120c       0x10 ../libopencm3/lib/libopencm3_stm32l0.a(systick.o)
                0x000000000800120c                systick_set_reload
 .text.systick_set_clocksource
                0x000000000800121c       0x14 ../libopencm3/lib/libopencm3_stm32l0.a(systick.o)
                0x000000000800121c                systick_set_clocksource
 .text.systick_interrupt_enable
                0x0000000008001230       0x10 ../libopencm3/lib/libopencm3_stm32l0.a(systick.o)
                0x0000000008001230                systick_interrupt_enable
 .text.systick_counter_enable
                0x0000000008001240       0x10 ../libopencm3/lib/libopencm3_stm32l0.a(systick.o)
                0x0000000008001240                systick_counter_enable
 .text.nvic_enable_irq
                0x0000000008001250       0x18 ../libopencm3/lib/libopencm3_stm32l0.a(nvic.o)
                0x0000000008001250                nvic_enable_irq
 .text.nvic_set_priority
                0x0000000008001268       0x1c ../libopencm3/lib/libopencm3_stm32l0.a(nvic.o)
                0x0000000008001268                nvic_set_priority
 .text          0x0000000008001284       0x14 /usr/lib/gcc/arm-none-eabi/4.9.3/armv6-m/libgcc.a(_thumb1_case_sqi.o)
                0x0000000008001284                __gnu_thumb1_case_sqi
 .text          0x0000000008001298       0x14 /usr/lib/gcc/arm-none-eabi/4.9.3/armv6-m/libgcc.a(_thumb1_case_uqi.o)
                0x0000000008001298                __gnu_thumb1_case_uqi
 .text          0x00000000080012ac      0x1e0 /usr/lib/gcc/arm-none-eabi/4.9.3/armv6-m/libgcc.a(_divsi3.o)
                0x00000000080012ac                __aeabi_idiv
                0x00000000080012ac                __divsi3
                0x0000000008001478                __aeabi_idivmod
 .text          0x000000000800148c        0x4 /usr/lib/gcc/arm-none-eabi/4.9.3/armv6-m/libgcc.a(_dvmd_tls.o)
                0x000000000800148c                __aeabi_ldiv0
                0x000000000800148c                __aeabi_idiv0
                0x0000000008001490                . = ALIGN (0x4)
 *(.rodata*)
 .rodata.gamma_lookup
                0x0000000008001490      0x800 HAL.o
                0x0000000008001c90                . = ALIGN (0x4)

.glue_7         0x0000000008001c90        0x0
 .glue_7        0x0000000008001c90        0x0 linker stubs

.glue_7t        0x0000000008001c90        0x0
 .glue_7t       0x0000000008001c90        0x0 linker stubs

.vfp11_veneer   0x0000000008001c90        0x0
 .vfp11_veneer  0x0000000008001c90        0x0 linker stubs

.v4_bx          0x0000000008001c90        0x0
 .v4_bx         0x0000000008001c90        0x0 linker stubs

.iplt           0x0000000008001c90        0x0
 .iplt          0x0000000008001c90        0x0 comm.o

.rel.dyn        0x0000000008001c90        0x0
 .rel.iplt      0x0000000008001c90        0x0 comm.o

.preinit_array  0x0000000008001c90        0x0
                0x0000000008001c90                . = ALIGN (0x4)
                0x0000000008001c90                __preinit_array_start = .
 *(.preinit_array)
                0x0000000008001c90                __preinit_array_end = .

.init_array     0x0000000008001c90        0x0
                0x0000000008001c90                . = ALIGN (0x4)
                0x0000000008001c90                __init_array_start = .
 *(SORT(.init_array.*))
 *(.init_array)
                0x0000000008001c90                __init_array_end = .

.fini_array     0x0000000008001c90        0x0
                0x0000000008001c90                . = ALIGN (0x4)
                0x0000000008001c90                __fini_array_start = .
 *(.fini_array)
 *(SORT(.fini_array.*))
                0x0000000008001c90                __fini_array_end = .

.ARM.extab
 *(.ARM.extab*)

.ARM.exidx      0x0000000008001c90        0x0
                0x0000000008001c90                __exidx_start = .
 *(.ARM.exidx*)
                0x0000000008001c90                __exidx_end = .
                0x0000000008001c90                . = ALIGN (0x4)
                0x0000000008001c90                _etext = .

.data           0x0000000020000000       0x4c load address 0x0000000008001c90
                0x0000000020000000                _data = .
 *(.data*)
 .data.active_input_ports
                0x0000000020000000       0x18 comm.o
                0x0000000020000000                active_input_ports
 .data.nid_keep_alive
                0x0000000020000018        0x4 comm.o
                0x0000000020000018                nid_keep_alive
 .data.complimentary_pins
                0x000000002000001c        0xc comm.o
                0x000000002000001c                complimentary_pins
 .data.active_output_ports
                0x0000000020000028       0x18 comm.o
                0x0000000020000028                active_output_ports
 .data.input_pins
                0x0000000020000040        0xc neuron.o
                0x0000000020000040                input_pins
                0x000000002000004c                . = ALIGN (0x4)
                0x000000002000004c                _edata = .
                0x0000000008001c90                _data_loadaddr = LOADADDR (.data)

.igot.plt       0x000000002000004c        0x0 load address 0x0000000008001cdc
 .igot.plt      0x000000002000004c        0x0 comm.o

.bss            0x000000002000004c       0xa0 load address 0x0000000008001cdc
 *(.bss*)
 .bss.dendrite_pulse_flag
                0x000000002000004c        0x6 comm.o
                0x000000002000004c                dendrite_pulse_flag
 .bss.blink_flag
                0x0000000020000052        0x1 comm.o
                0x0000000020000052                blink_flag
 *fill*         0x0000000020000053        0x1 
 .bss.nid_port_out
                0x0000000020000054        0x4 comm.o
                0x0000000020000054                nid_port_out
 .bss.identify_channel
                0x0000000020000058        0x1 comm.o
                0x0000000020000058                identify_channel
 .bss.dendrite_ping_flag
                0x0000000020000059        0x6 comm.o
                0x0000000020000059                dendrite_ping_flag
 .bss.message_buffer_count
                0x000000002000005f        0x6 comm.o
                0x000000002000005f                message_buffer_count
 *fill*         0x0000000020000065        0x3 
 .bss.nid_port  0x0000000020000068        0x4 comm.o
                0x0000000020000068                nid_port
 .bss.write_buffer
                0x000000002000006c       0x44 comm.o
                0x000000002000006c                write_buffer
 .bss.identify_time
                0x00000000200000b0        0x2 comm.o
                0x00000000200000b0                identify_time
 .bss.nid_pin_out
                0x00000000200000b2        0x2 comm.o
                0x00000000200000b2                nid_pin_out
 .bss.nid_ping_time
                0x00000000200000b4        0x4 comm.o
                0x00000000200000b4                nid_ping_time
 .bss.active_output_pins
                0x00000000200000b8        0xc comm.o
                0x00000000200000b8                active_output_pins
 .bss.message_buffer
                0x00000000200000c4       0x18 comm.o
                0x00000000200000c4                message_buffer
 .bss.nid_pin   0x00000000200000dc        0x2 comm.o
                0x00000000200000dc                nid_pin
 .bss.active_input_pins
                0x00000000200000de        0xc comm.o
                0x00000000200000de                active_input_pins
 .bss.tick      0x00000000200000ea        0x1 HAL.o
                0x00000000200000ea                tick
 .bss.main_tick
                0x00000000200000eb        0x1 HAL.o
                0x00000000200000eb                main_tick
 *(COMMON)
                0x00000000200000ec                . = ALIGN (0x4)
                0x00000000200000ec                _ebss = .

/DISCARD/
 *(.eh_frame)
                0x00000000200000ec                . = ALIGN (0x4)
                0x00000000200000ec                end = .
                0x0000000020000800                PROVIDE (_stack, (ORIGIN (ram) + LENGTH (ram)))
OUTPUT(main.elf elf32-littlearm)

.debug_info     0x0000000000000000     0x4d68
 .debug_info    0x0000000000000000      0x6dc comm.o
 .debug_info    0x00000000000006dc     0x10d1 HAL.o
 .debug_info    0x00000000000017ad      0x519 neuron.o
 .debug_info    0x0000000000001cc6      0x680 main.o
 .debug_info    0x0000000000002346      0x3d4 ../libopencm3/lib/libopencm3_stm32l0.a(rcc.o)
 .debug_info    0x000000000000271a     0x116a ../libopencm3/lib/libopencm3_stm32l0.a(timer_common_all.o)
 .debug_info    0x0000000000003884      0x22c ../libopencm3/lib/libopencm3_stm32l0.a(gpio_common_all.o)
 .debug_info    0x0000000000003ab0      0x1f3 ../libopencm3/lib/libopencm3_stm32l0.a(gpio_common_f0234.o)
 .debug_info    0x0000000000003ca3      0x575 ../libopencm3/lib/libopencm3_stm32l0.a(rcc_common_all.o)
 .debug_info    0x0000000000004218      0x204 ../libopencm3/lib/libopencm3_stm32l0.a(exti_common_all.o)
 .debug_info    0x000000000000441c      0x2a3 ../libopencm3/lib/libopencm3_stm32l0.a(vector.o)
 .debug_info    0x00000000000046bf      0x215 ../libopencm3/lib/libopencm3_stm32l0.a(systick.o)
 .debug_info    0x00000000000048d4      0x1b0 ../libopencm3/lib/libopencm3_stm32l0.a(nvic.o)
 .debug_info    0x0000000000004a84       0xb9 /usr/lib/gcc/arm-none-eabi/4.9.3/armv6-m/libgcc.a(_thumb1_case_sqi.o)
 .debug_info    0x0000000000004b3d       0xb9 /usr/lib/gcc/arm-none-eabi/4.9.3/armv6-m/libgcc.a(_thumb1_case_uqi.o)
 .debug_info    0x0000000000004bf6       0xb9 /usr/lib/gcc/arm-none-eabi/4.9.3/armv6-m/libgcc.a(_divsi3.o)
 .debug_info    0x0000000000004caf       0xb9 /usr/lib/gcc/arm-none-eabi/4.9.3/armv6-m/libgcc.a(_dvmd_tls.o)

.debug_abbrev   0x0000000000000000     0x1197
 .debug_abbrev  0x0000000000000000      0x265 comm.o
 .debug_abbrev  0x0000000000000265      0x1f4 HAL.o
 .debug_abbrev  0x0000000000000459      0x1ea neuron.o
 .debug_abbrev  0x0000000000000643      0x18b main.o
 .debug_abbrev  0x00000000000007ce      0x18d ../libopencm3/lib/libopencm3_stm32l0.a(rcc.o)
 .debug_abbrev  0x000000000000095b      0x168 ../libopencm3/lib/libopencm3_stm32l0.a(timer_common_all.o)
 .debug_abbrev  0x0000000000000ac3      0x10e ../libopencm3/lib/libopencm3_stm32l0.a(gpio_common_all.o)
 .debug_abbrev  0x0000000000000bd1       0xb7 ../libopencm3/lib/libopencm3_stm32l0.a(gpio_common_f0234.o)
 .debug_abbrev  0x0000000000000c88       0xd0 ../libopencm3/lib/libopencm3_stm32l0.a(rcc_common_all.o)
 .debug_abbrev  0x0000000000000d58       0xe5 ../libopencm3/lib/libopencm3_stm32l0.a(exti_common_all.o)
 .debug_abbrev  0x0000000000000e3d      0x12b ../libopencm3/lib/libopencm3_stm32l0.a(vector.o)
 .debug_abbrev  0x0000000000000f68      0x139 ../libopencm3/lib/libopencm3_stm32l0.a(systick.o)
 .debug_abbrev  0x00000000000010a1       0xa6 ../libopencm3/lib/libopencm3_stm32l0.a(nvic.o)
 .debug_abbrev  0x0000000000001147       0x14 /usr/lib/gcc/arm-none-eabi/4.9.3/armv6-m/libgcc.a(_thumb1_case_sqi.o)
 .debug_abbrev  0x000000000000115b       0x14 /usr/lib/gcc/arm-none-eabi/4.9.3/armv6-m/libgcc.a(_thumb1_case_uqi.o)
 .debug_abbrev  0x000000000000116f       0x14 /usr/lib/gcc/arm-none-eabi/4.9.3/armv6-m/libgcc.a(_divsi3.o)
 .debug_abbrev  0x0000000000001183       0x14 /usr/lib/gcc/arm-none-eabi/4.9.3/armv6-m/libgcc.a(_dvmd_tls.o)

.debug_loc      0x0000000000000000     0x1e30
 .debug_loc     0x0000000000000000      0x345 comm.o
 .debug_loc     0x0000000000000345      0x1fb HAL.o
 .debug_loc     0x0000000000000540      0x1bf neuron.o
 .debug_loc     0x00000000000006ff      0x199 main.o
 .debug_loc     0x0000000000000898      0x278 ../libopencm3/lib/libopencm3_stm32l0.a(rcc.o)
 .debug_loc     0x0000000000000b10      0xc30 ../libopencm3/lib/libopencm3_stm32l0.a(timer_common_all.o)
 .debug_loc     0x0000000000001740       0x76 ../libopencm3/lib/libopencm3_stm32l0.a(gpio_common_all.o)
 .debug_loc     0x00000000000017b6      0x17f ../libopencm3/lib/libopencm3_stm32l0.a(gpio_common_f0234.o)
 .debug_loc     0x0000000000001935      0x108 ../libopencm3/lib/libopencm3_stm32l0.a(rcc_common_all.o)
 .debug_loc     0x0000000000001a3d      0x174 ../libopencm3/lib/libopencm3_stm32l0.a(exti_common_all.o)
 .debug_loc     0x0000000000001bb1       0xba ../libopencm3/lib/libopencm3_stm32l0.a(vector.o)
 .debug_loc     0x0000000000001c6b       0xc5 ../libopencm3/lib/libopencm3_stm32l0.a(systick.o)
 .debug_loc     0x0000000000001d30      0x100 ../libopencm3/lib/libopencm3_stm32l0.a(nvic.o)

.debug_aranges  0x0000000000000000      0x718
 .debug_aranges
                0x0000000000000000       0x50 comm.o
 .debug_aranges
                0x0000000000000050       0x90 HAL.o
 .debug_aranges
                0x00000000000000e0       0x50 neuron.o
 .debug_aranges
                0x0000000000000130       0x20 main.o
 .debug_aranges
                0x0000000000000150       0xa8 ../libopencm3/lib/libopencm3_stm32l0.a(rcc.o)
 .debug_aranges
                0x00000000000001f8      0x278 ../libopencm3/lib/libopencm3_stm32l0.a(timer_common_all.o)
 .debug_aranges
                0x0000000000000470       0x50 ../libopencm3/lib/libopencm3_stm32l0.a(gpio_common_all.o)
 .debug_aranges
                0x00000000000004c0       0x30 ../libopencm3/lib/libopencm3_stm32l0.a(gpio_common_f0234.o)
 .debug_aranges
                0x00000000000004f0       0x68 ../libopencm3/lib/libopencm3_stm32l0.a(rcc_common_all.o)
 .debug_aranges
                0x0000000000000558       0x48 ../libopencm3/lib/libopencm3_stm32l0.a(exti_common_all.o)
 .debug_aranges
                0x00000000000005a0       0x30 ../libopencm3/lib/libopencm3_stm32l0.a(vector.o)
 .debug_aranges
                0x00000000000005d0       0x78 ../libopencm3/lib/libopencm3_stm32l0.a(systick.o)
 .debug_aranges
                0x0000000000000648       0x50 ../libopencm3/lib/libopencm3_stm32l0.a(nvic.o)
 .debug_aranges
                0x0000000000000698       0x20 /usr/lib/gcc/arm-none-eabi/4.9.3/armv6-m/libgcc.a(_thumb1_case_sqi.o)
 .debug_aranges
                0x00000000000006b8       0x20 /usr/lib/gcc/arm-none-eabi/4.9.3/armv6-m/libgcc.a(_thumb1_case_uqi.o)
 .debug_aranges
                0x00000000000006d8       0x20 /usr/lib/gcc/arm-none-eabi/4.9.3/armv6-m/libgcc.a(_divsi3.o)
 .debug_aranges
                0x00000000000006f8       0x20 /usr/lib/gcc/arm-none-eabi/4.9.3/armv6-m/libgcc.a(_dvmd_tls.o)

.debug_ranges   0x0000000000000000      0x5e0
 .debug_ranges  0x0000000000000000       0x40 comm.o
 .debug_ranges  0x0000000000000040       0x80 HAL.o
 .debug_ranges  0x00000000000000c0       0x40 neuron.o
 .debug_ranges  0x0000000000000100       0x10 main.o
 .debug_ranges  0x0000000000000110       0x98 ../libopencm3/lib/libopencm3_stm32l0.a(rcc.o)
 .debug_ranges  0x00000000000001a8      0x268 ../libopencm3/lib/libopencm3_stm32l0.a(timer_common_all.o)
 .debug_ranges  0x0000000000000410       0x40 ../libopencm3/lib/libopencm3_stm32l0.a(gpio_common_all.o)
 .debug_ranges  0x0000000000000450       0x20 ../libopencm3/lib/libopencm3_stm32l0.a(gpio_common_f0234.o)
 .debug_ranges  0x0000000000000470       0x58 ../libopencm3/lib/libopencm3_stm32l0.a(rcc_common_all.o)
 .debug_ranges  0x00000000000004c8       0x38 ../libopencm3/lib/libopencm3_stm32l0.a(exti_common_all.o)
 .debug_ranges  0x0000000000000500       0x20 ../libopencm3/lib/libopencm3_stm32l0.a(vector.o)
 .debug_ranges  0x0000000000000520       0x80 ../libopencm3/lib/libopencm3_stm32l0.a(systick.o)
 .debug_ranges  0x00000000000005a0       0x40 ../libopencm3/lib/libopencm3_stm32l0.a(nvic.o)

.debug_line     0x0000000000000000     0x2888
 .debug_line    0x0000000000000000      0x219 comm.o
 .debug_line    0x0000000000000219      0x30f HAL.o
 .debug_line    0x0000000000000528      0x1c5 neuron.o
 .debug_line    0x00000000000006ed      0x14b main.o
 .debug_line    0x0000000000000838      0x3a2 ../libopencm3/lib/libopencm3_stm32l0.a(rcc.o)
 .debug_line    0x0000000000000bda      0x8b6 ../libopencm3/lib/libopencm3_stm32l0.a(timer_common_all.o)
 .debug_line    0x0000000000001490      0x2bb ../libopencm3/lib/libopencm3_stm32l0.a(gpio_common_all.o)
 .debug_line    0x000000000000174b      0x2a8 ../libopencm3/lib/libopencm3_stm32l0.a(gpio_common_f0234.o)
 .debug_line    0x00000000000019f3      0x2c7 ../libopencm3/lib/libopencm3_stm32l0.a(rcc_common_all.o)
 .debug_line    0x0000000000001cba      0x31a ../libopencm3/lib/libopencm3_stm32l0.a(exti_common_all.o)
 .debug_line    0x0000000000001fd4      0x292 ../libopencm3/lib/libopencm3_stm32l0.a(vector.o)
 .debug_line    0x0000000000002266      0x24b ../libopencm3/lib/libopencm3_stm32l0.a(systick.o)
 .debug_line    0x00000000000024b1      0x23a ../libopencm3/lib/libopencm3_stm32l0.a(nvic.o)
 .debug_line    0x00000000000026eb       0x66 /usr/lib/gcc/arm-none-eabi/4.9.3/armv6-m/libgcc.a(_thumb1_case_sqi.o)
 .debug_line    0x0000000000002751       0x66 /usr/lib/gcc/arm-none-eabi/4.9.3/armv6-m/libgcc.a(_thumb1_case_uqi.o)
 .debug_line    0x00000000000027b7       0x73 /usr/lib/gcc/arm-none-eabi/4.9.3/armv6-m/libgcc.a(_divsi3.o)
 .debug_line    0x000000000000282a       0x5e /usr/lib/gcc/arm-none-eabi/4.9.3/armv6-m/libgcc.a(_dvmd_tls.o)

.debug_str      0x0000000000000000    0x11417
 .debug_str     0x0000000000000000      0x47a comm.o
                                        0x543 (size before relaxing)
 .debug_str     0x000000000000047a      0x727 HAL.o
                                        0x911 (size before relaxing)
 .debug_str     0x0000000000000ba1      0x1f7 neuron.o
                                        0x43c (size before relaxing)
 .debug_str     0x0000000000000d98       0x82 main.o
                                        0x4f3 (size before relaxing)
 .debug_str     0x0000000000000e1a     0x633b ../libopencm3/lib/libopencm3_stm32l0.a(rcc.o)
                                       0x651a (size before relaxing)
 .debug_str     0x0000000000007155     0x6146 ../libopencm3/lib/libopencm3_stm32l0.a(timer_common_all.o)
                                       0xc595 (size before relaxing)
 .debug_str     0x000000000000d29b     0x14ec ../libopencm3/lib/libopencm3_stm32l0.a(gpio_common_all.o)
                                       0x51fd (size before relaxing)
 .debug_str     0x000000000000e787       0x61 ../libopencm3/lib/libopencm3_stm32l0.a(gpio_common_f0234.o)
                                       0x521f (size before relaxing)
 .debug_str     0x000000000000e7e8      0x11f ../libopencm3/lib/libopencm3_stm32l0.a(rcc_common_all.o)
                                       0x683d (size before relaxing)
 .debug_str     0x000000000000e907      0xba3 ../libopencm3/lib/libopencm3_stm32l0.a(exti_common_all.o)
                                       0x5dc0 (size before relaxing)
 .debug_str     0x000000000000f4aa     0x12e9 ../libopencm3/lib/libopencm3_stm32l0.a(vector.o)
                                       0x4745 (size before relaxing)
 .debug_str     0x0000000000010793      0x2eb ../libopencm3/lib/libopencm3_stm32l0.a(systick.o)
                                       0x37b2 (size before relaxing)
 .debug_str     0x0000000000010a7e      0x999 ../libopencm3/lib/libopencm3_stm32l0.a(nvic.o)
                                       0x4252 (size before relaxing)

.comment        0x0000000000000000       0x38
 .comment       0x0000000000000000       0x38 comm.o
                                         0x39 (size before relaxing)
 .comment       0x0000000000000038       0x39 HAL.o
 .comment       0x0000000000000038       0x39 neuron.o
 .comment       0x0000000000000038       0x39 main.o
 .comment       0x0000000000000038       0x39 ../libopencm3/lib/libopencm3_stm32l0.a(rcc.o)
 .comment       0x0000000000000038       0x39 ../libopencm3/lib/libopencm3_stm32l0.a(timer_common_all.o)
 .comment       0x0000000000000038       0x39 ../libopencm3/lib/libopencm3_stm32l0.a(gpio_common_all.o)
 .comment       0x0000000000000038       0x39 ../libopencm3/lib/libopencm3_stm32l0.a(gpio_common_f0234.o)
 .comment       0x0000000000000038       0x39 ../libopencm3/lib/libopencm3_stm32l0.a(rcc_common_all.o)
 .comment       0x0000000000000038       0x39 ../libopencm3/lib/libopencm3_stm32l0.a(exti_common_all.o)
 .comment       0x0000000000000038       0x39 ../libopencm3/lib/libopencm3_stm32l0.a(vector.o)
 .comment       0x0000000000000038       0x39 ../libopencm3/lib/libopencm3_stm32l0.a(systick.o)
 .comment       0x0000000000000038       0x39 ../libopencm3/lib/libopencm3_stm32l0.a(nvic.o)

.ARM.attributes
                0x0000000000000000       0x32
 .ARM.attributes
                0x0000000000000000       0x32 comm.o
 .ARM.attributes
                0x0000000000000032       0x32 HAL.o
 .ARM.attributes
                0x0000000000000064       0x32 neuron.o
 .ARM.attributes
                0x0000000000000096       0x32 main.o
 .ARM.attributes
                0x00000000000000c8       0x32 ../libopencm3/lib/libopencm3_stm32l0.a(rcc.o)
 .ARM.attributes
                0x00000000000000fa       0x32 ../libopencm3/lib/libopencm3_stm32l0.a(timer_common_all.o)
 .ARM.attributes
                0x000000000000012c       0x32 ../libopencm3/lib/libopencm3_stm32l0.a(gpio_common_all.o)
 .ARM.attributes
                0x000000000000015e       0x32 ../libopencm3/lib/libopencm3_stm32l0.a(gpio_common_f0234.o)
 .ARM.attributes
                0x0000000000000190       0x32 ../libopencm3/lib/libopencm3_stm32l0.a(rcc_common_all.o)
 .ARM.attributes
                0x00000000000001c2       0x32 ../libopencm3/lib/libopencm3_stm32l0.a(exti_common_all.o)
 .ARM.attributes
                0x00000000000001f4       0x32 ../libopencm3/lib/libopencm3_stm32l0.a(vector.o)
 .ARM.attributes
                0x0000000000000226       0x32 ../libopencm3/lib/libopencm3_stm32l0.a(systick.o)
 .ARM.attributes
                0x0000000000000258       0x32 ../libopencm3/lib/libopencm3_stm32l0.a(nvic.o)
 .ARM.attributes
                0x000000000000028a       0x1e /usr/lib/gcc/arm-none-eabi/4.9.3/armv6-m/libgcc.a(_thumb1_case_sqi.o)
 .ARM.attributes
                0x00000000000002a8       0x1e /usr/lib/gcc/arm-none-eabi/4.9.3/armv6-m/libgcc.a(_thumb1_case_uqi.o)
 .ARM.attributes
                0x00000000000002c6       0x1e /usr/lib/gcc/arm-none-eabi/4.9.3/armv6-m/libgcc.a(_divsi3.o)
 .ARM.attributes
                0x00000000000002e4       0x1e /usr/lib/gcc/arm-none-eabi/4.9.3/armv6-m/libgcc.a(_dvmd_tls.o)

.debug_frame    0x0000000000000000      0xdc4
 .debug_frame   0x0000000000000000       0xb8 comm.o
 .debug_frame   0x00000000000000b8      0x16c HAL.o
 .debug_frame   0x0000000000000224       0xa4 neuron.o
 .debug_frame   0x00000000000002c8       0x34 main.o
 .debug_frame   0x00000000000002fc      0x178 ../libopencm3/lib/libopencm3_stm32l0.a(rcc.o)
 .debug_frame   0x0000000000000474      0x568 ../libopencm3/lib/libopencm3_stm32l0.a(timer_common_all.o)
 .debug_frame   0x00000000000009dc       0x80 ../libopencm3/lib/libopencm3_stm32l0.a(gpio_common_all.o)
 .debug_frame   0x0000000000000a5c       0x70 ../libopencm3/lib/libopencm3_stm32l0.a(gpio_common_f0234.o)
 .debug_frame   0x0000000000000acc       0xc0 ../libopencm3/lib/libopencm3_stm32l0.a(rcc_common_all.o)
 .debug_frame   0x0000000000000b8c       0x80 ../libopencm3/lib/libopencm3_stm32l0.a(exti_common_all.o)
 .debug_frame   0x0000000000000c0c       0x40 ../libopencm3/lib/libopencm3_stm32l0.a(vector.o)
 .debug_frame   0x0000000000000c4c       0xd8 ../libopencm3/lib/libopencm3_stm32l0.a(systick.o)
 .debug_frame   0x0000000000000d24       0x80 ../libopencm3/lib/libopencm3_stm32l0.a(nvic.o)
 .debug_frame   0x0000000000000da4       0x20 /usr/lib/gcc/arm-none-eabi/4.9.3/armv6-m/libgcc.a(_divsi3.o)

.debug_macro    0x0000000000000000     0x3cfd
 .debug_macro   0x0000000000000000       0xb5 ../libopencm3/lib/libopencm3_stm32l0.a(rcc.o)
 .debug_macro   0x00000000000000b5      0x832 ../libopencm3/lib/libopencm3_stm32l0.a(rcc.o)
 .debug_macro   0x00000000000008e7       0x22 ../libopencm3/lib/libopencm3_stm32l0.a(rcc.o)
 .debug_macro   0x0000000000000909       0x44 ../libopencm3/lib/libopencm3_stm32l0.a(rcc.o)
 .debug_macro   0x000000000000094d       0xe3 ../libopencm3/lib/libopencm3_stm32l0.a(rcc.o)
 .debug_macro   0x0000000000000a30       0x22 ../libopencm3/lib/libopencm3_stm32l0.a(rcc.o)
 .debug_macro   0x0000000000000a52      0x1df ../libopencm3/lib/libopencm3_stm32l0.a(rcc.o)
 .debug_macro   0x0000000000000c31       0x22 ../libopencm3/lib/libopencm3_stm32l0.a(rcc.o)
 .debug_macro   0x0000000000000c53       0xfa ../libopencm3/lib/libopencm3_stm32l0.a(rcc.o)
 .debug_macro   0x0000000000000d4d       0x16 ../libopencm3/lib/libopencm3_stm32l0.a(rcc.o)
 .debug_macro   0x0000000000000d63       0x34 ../libopencm3/lib/libopencm3_stm32l0.a(rcc.o)
 .debug_macro   0x0000000000000d97      0x148 ../libopencm3/lib/libopencm3_stm32l0.a(rcc.o)
 .debug_macro   0x0000000000000edf      0x922 ../libopencm3/lib/libopencm3_stm32l0.a(rcc.o)
 .debug_macro   0x0000000000001801       0xce ../libopencm3/lib/libopencm3_stm32l0.a(timer_common_all.o)
 .debug_macro   0x00000000000018cf      0xf4d ../libopencm3/lib/libopencm3_stm32l0.a(timer_common_all.o)
 .debug_macro   0x000000000000281c      0x37a ../libopencm3/lib/libopencm3_stm32l0.a(timer_common_all.o)
 .debug_macro   0x0000000000002b96       0xc8 ../libopencm3/lib/libopencm3_stm32l0.a(gpio_common_all.o)
 .debug_macro   0x0000000000002c5e       0x76 ../libopencm3/lib/libopencm3_stm32l0.a(gpio_common_all.o)
 .debug_macro   0x0000000000002cd4      0x2e6 ../libopencm3/lib/libopencm3_stm32l0.a(gpio_common_all.o)
 .debug_macro   0x0000000000002fba      0x14e ../libopencm3/lib/libopencm3_stm32l0.a(gpio_common_all.o)
 .debug_macro   0x0000000000003108       0x3a ../libopencm3/lib/libopencm3_stm32l0.a(gpio_common_all.o)
 .debug_macro   0x0000000000003142       0xc8 ../libopencm3/lib/libopencm3_stm32l0.a(gpio_common_f0234.o)
 .debug_macro   0x000000000000320a       0xc0 ../libopencm3/lib/libopencm3_stm32l0.a(rcc_common_all.o)
 .debug_macro   0x00000000000032ca       0xec ../libopencm3/lib/libopencm3_stm32l0.a(exti_common_all.o)
 .debug_macro   0x00000000000033b6      0x112 ../libopencm3/lib/libopencm3_stm32l0.a(exti_common_all.o)
 .debug_macro   0x00000000000034c8      0x136 ../libopencm3/lib/libopencm3_stm32l0.a(exti_common_all.o)
 .debug_macro   0x00000000000035fe       0xc1 ../libopencm3/lib/libopencm3_stm32l0.a(vector.o)
 .debug_macro   0x00000000000036bf      0x1b1 ../libopencm3/lib/libopencm3_stm32l0.a(vector.o)
 .debug_macro   0x0000000000003870       0x46 ../libopencm3/lib/libopencm3_stm32l0.a(vector.o)
 .debug_macro   0x00000000000038b6       0xca ../libopencm3/lib/libopencm3_stm32l0.a(vector.o)
 .debug_macro   0x0000000000003980       0x84 ../libopencm3/lib/libopencm3_stm32l0.a(systick.o)
 .debug_macro   0x0000000000003a04       0x64 ../libopencm3/lib/libopencm3_stm32l0.a(systick.o)
 .debug_macro   0x0000000000003a68       0xa5 ../libopencm3/lib/libopencm3_stm32l0.a(nvic.o)
 .debug_macro   0x0000000000003b0d       0x40 ../libopencm3/lib/libopencm3_stm32l0.a(nvic.o)
 .debug_macro   0x0000000000003b4d      0x1b0 ../libopencm3/lib/libopencm3_stm32l0.a(nvic.o)
